Archive member included to satisfy reference by file (symbol)

../Arbitration_Nios0_APP_bsp/\libhal_bsp.a(alt_load.o)
                              ../Arbitration_Nios0_APP_bsp//obj/HAL/src/crt0.o (alt_load)
../Arbitration_Nios0_APP_bsp/\libhal_bsp.a(alt_main.o)
                              ../Arbitration_Nios0_APP_bsp//obj/HAL/src/crt0.o (alt_main)
../Arbitration_Nios0_APP_bsp/\libhal_bsp.a(alt_sys_init.o)
                              ../Arbitration_Nios0_APP_bsp/\libhal_bsp.a(alt_main.o) (alt_irq_init)
../Arbitration_Nios0_APP_bsp/\libhal_bsp.a(altera_avalon_jtag_uart_fd.o)
                              ../Arbitration_Nios0_APP_bsp/\libhal_bsp.a(alt_sys_init.o) (altera_avalon_jtag_uart_read_fd)
../Arbitration_Nios0_APP_bsp/\libhal_bsp.a(altera_avalon_jtag_uart_read.o)
                              ../Arbitration_Nios0_APP_bsp/\libhal_bsp.a(altera_avalon_jtag_uart_fd.o) (altera_avalon_jtag_uart_read)
../Arbitration_Nios0_APP_bsp/\libhal_bsp.a(altera_avalon_jtag_uart_write.o)
                              ../Arbitration_Nios0_APP_bsp/\libhal_bsp.a(altera_avalon_jtag_uart_fd.o) (altera_avalon_jtag_uart_write)
../Arbitration_Nios0_APP_bsp/\libhal_bsp.a(alt_close.o)
                              ../Arbitration_Nios0_APP_bsp/\libhal_bsp.a(alt_main.o) (close)
../Arbitration_Nios0_APP_bsp/\libhal_bsp.a(alt_dcache_flush_all.o)
                              ../Arbitration_Nios0_APP_bsp/\libhal_bsp.a(alt_load.o) (alt_dcache_flush_all)
../Arbitration_Nios0_APP_bsp/\libhal_bsp.a(alt_dev.o)
                              ../Arbitration_Nios0_APP_bsp/\libhal_bsp.a(alt_sys_init.o) (alt_dev_list)
../Arbitration_Nios0_APP_bsp/\libhal_bsp.a(alt_dev_llist_insert.o)
                              ../Arbitration_Nios0_APP_bsp/\libhal_bsp.a(alt_sys_init.o) (alt_dev_llist_insert)
../Arbitration_Nios0_APP_bsp/\libhal_bsp.a(alt_do_ctors.o)
                              ../Arbitration_Nios0_APP_bsp/\libhal_bsp.a(alt_main.o) (_do_ctors)
../Arbitration_Nios0_APP_bsp/\libhal_bsp.a(alt_do_dtors.o)
                              ../Arbitration_Nios0_APP_bsp/\libhal_bsp.a(alt_main.o) (_do_dtors)
../Arbitration_Nios0_APP_bsp/\libhal_bsp.a(alt_errno.o)
                              ../Arbitration_Nios0_APP_bsp/\libhal_bsp.a(alt_close.o) (alt_errno)
../Arbitration_Nios0_APP_bsp/\libhal_bsp.a(alt_icache_flush_all.o)
                              ../Arbitration_Nios0_APP_bsp/\libhal_bsp.a(alt_load.o) (alt_icache_flush_all)
../Arbitration_Nios0_APP_bsp/\libhal_bsp.a(alt_io_redirect.o)
                              ../Arbitration_Nios0_APP_bsp/\libhal_bsp.a(alt_main.o) (alt_io_redirect)
../Arbitration_Nios0_APP_bsp/\libhal_bsp.a(alt_open.o)
                              ../Arbitration_Nios0_APP_bsp/\libhal_bsp.a(alt_io_redirect.o) (open)
../Arbitration_Nios0_APP_bsp/\libhal_bsp.a(alt_release_fd.o)
                              ../Arbitration_Nios0_APP_bsp/\libhal_bsp.a(alt_close.o) (alt_release_fd)
../Arbitration_Nios0_APP_bsp/\libhal_bsp.a(altera_nios2_gen2_irq.o)
                              ../Arbitration_Nios0_APP_bsp/\libhal_bsp.a(alt_sys_init.o) (altera_nios2_gen2_irq_init)
../Arbitration_Nios0_APP_bsp/\libhal_bsp.a(alt_find_dev.o)
                              ../Arbitration_Nios0_APP_bsp/\libhal_bsp.a(alt_open.o) (alt_find_dev)
../Arbitration_Nios0_APP_bsp/\libhal_bsp.a(alt_find_file.o)
                              ../Arbitration_Nios0_APP_bsp/\libhal_bsp.a(alt_open.o) (alt_find_file)
../Arbitration_Nios0_APP_bsp/\libhal_bsp.a(alt_get_fd.o)
                              ../Arbitration_Nios0_APP_bsp/\libhal_bsp.a(alt_open.o) (alt_get_fd)
c:/intelfpga_lite/18.1/nios2eds/bin/gnu/h-x86_64-mingw32/bin/../lib/gcc/nios2-elf/5.3.0/../../../../../H-x86_64-mingw32/nios2-elf/lib/mno-hw-mul\libsmallc.a(lib_a-atexit.o)
                              ../Arbitration_Nios0_APP_bsp/\libhal_bsp.a(alt_main.o) (atexit)
c:/intelfpga_lite/18.1/nios2eds/bin/gnu/h-x86_64-mingw32/bin/../lib/gcc/nios2-elf/5.3.0/../../../../../H-x86_64-mingw32/nios2-elf/lib/mno-hw-mul\libsmallc.a(lib_a-exit.o)
                              ../Arbitration_Nios0_APP_bsp/\libhal_bsp.a(alt_main.o) (exit)
c:/intelfpga_lite/18.1/nios2eds/bin/gnu/h-x86_64-mingw32/bin/../lib/gcc/nios2-elf/5.3.0/../../../../../H-x86_64-mingw32/nios2-elf/lib/mno-hw-mul\libsmallc.a(lib_a-int_errno.o)
                              ../Arbitration_Nios0_APP_bsp/\libhal_bsp.a(alt_close.o) (errno)
c:/intelfpga_lite/18.1/nios2eds/bin/gnu/h-x86_64-mingw32/bin/../lib/gcc/nios2-elf/5.3.0/../../../../../H-x86_64-mingw32/nios2-elf/lib/mno-hw-mul\libsmallc.a(lib_a-memcmp.o)
                              ../Arbitration_Nios0_APP_bsp/\libhal_bsp.a(alt_find_dev.o) (memcmp)
c:/intelfpga_lite/18.1/nios2eds/bin/gnu/h-x86_64-mingw32/bin/../lib/gcc/nios2-elf/5.3.0/../../../../../H-x86_64-mingw32/nios2-elf/lib/mno-hw-mul\libsmallc.a(lib_a-strlen.o)
                              ../Arbitration_Nios0_APP_bsp/\libhal_bsp.a(alt_find_dev.o) (strlen)
c:/intelfpga_lite/18.1/nios2eds/bin/gnu/h-x86_64-mingw32/bin/../lib/gcc/nios2-elf/5.3.0/../../../../../H-x86_64-mingw32/nios2-elf/lib/mno-hw-mul\libsmallc.a(lib_a-__atexit.o)
                              c:/intelfpga_lite/18.1/nios2eds/bin/gnu/h-x86_64-mingw32/bin/../lib/gcc/nios2-elf/5.3.0/../../../../../H-x86_64-mingw32/nios2-elf/lib/mno-hw-mul\libsmallc.a(lib_a-atexit.o) (__register_exitproc)
c:/intelfpga_lite/18.1/nios2eds/bin/gnu/h-x86_64-mingw32/bin/../lib/gcc/nios2-elf/5.3.0/../../../../../H-x86_64-mingw32/nios2-elf/lib/mno-hw-mul\libsmallc.a(lib_a-__call_atexit.o)
                              c:/intelfpga_lite/18.1/nios2eds/bin/gnu/h-x86_64-mingw32/bin/../lib/gcc/nios2-elf/5.3.0/../../../../../H-x86_64-mingw32/nios2-elf/lib/mno-hw-mul\libsmallc.a(lib_a-exit.o) (__call_exitprocs)
c:/intelfpga_lite/18.1/nios2eds/bin/gnu/h-x86_64-mingw32/bin/../lib/gcc/nios2-elf/5.3.0/../../../../../H-x86_64-mingw32/nios2-elf/lib/mno-hw-mul\libsmallc.a(lib_a-impure.o)
                              c:/intelfpga_lite/18.1/nios2eds/bin/gnu/h-x86_64-mingw32/bin/../lib/gcc/nios2-elf/5.3.0/../../../../../H-x86_64-mingw32/nios2-elf/lib/mno-hw-mul\libsmallc.a(lib_a-__atexit.o) (_global_impure_ptr)
c:/intelfpga_lite/18.1/nios2eds/bin/gnu/h-x86_64-mingw32/bin/../lib/gcc/nios2-elf/5.3.0/mno-hw-mul\libgcc.a(lib2-mul.o)
                              ../Arbitration_Nios0_APP_bsp/\libhal_bsp.a(alt_close.o) (__mulsi3)
../Arbitration_Nios0_APP_bsp/\libhal_bsp.a(alt_exit.o)
                              c:/intelfpga_lite/18.1/nios2eds/bin/gnu/h-x86_64-mingw32/bin/../lib/gcc/nios2-elf/5.3.0/../../../../../H-x86_64-mingw32/nios2-elf/lib/mno-hw-mul\libsmallc.a(lib_a-exit.o) (_exit)

Allocating common symbols
Common symbol       size              file

errno               0x4               c:/intelfpga_lite/18.1/nios2eds/bin/gnu/h-x86_64-mingw32/bin/../lib/gcc/nios2-elf/5.3.0/../../../../../H-x86_64-mingw32/nios2-elf/lib/mno-hw-mul\libsmallc.a(lib_a-int_errno.o)

Memory Configuration

Name             Origin             Length             Attributes
reset            0x0000000000004000 0x0000000000000020
onchip_memory2_0 0x0000000000004020 0x0000000000003fe0
*default*        0x0000000000000000 0xffffffffffffffff

Linker script and memory map

LOAD ../Arbitration_Nios0_APP_bsp//obj/HAL/src/crt0.o
LOAD obj/default/arbitration_nios0.o
LOAD c:/intelfpga_lite/18.1/nios2eds/bin/gnu/h-x86_64-mingw32/bin/../lib/gcc/nios2-elf/5.3.0/../../../../../H-x86_64-mingw32/nios2-elf/lib/mno-hw-mul\libstdc++.a
LOAD c:/intelfpga_lite/18.1/nios2eds/bin/gnu/h-x86_64-mingw32/bin/../lib/gcc/nios2-elf/5.3.0/../../../../../H-x86_64-mingw32/nios2-elf/lib/mno-hw-mul\libm.a
LOAD c:/intelfpga_lite/18.1/nios2eds/bin/gnu/h-x86_64-mingw32/bin/../lib/gcc/nios2-elf/5.3.0/mno-hw-mul\libgcc.a
START GROUP
LOAD c:/intelfpga_lite/18.1/nios2eds/bin/gnu/h-x86_64-mingw32/bin/../lib/gcc/nios2-elf/5.3.0/../../../../../H-x86_64-mingw32/nios2-elf/lib/mno-hw-mul\libsmallc.a
LOAD c:/intelfpga_lite/18.1/nios2eds/bin/gnu/h-x86_64-mingw32/bin/../lib/gcc/nios2-elf/5.3.0/mno-hw-mul\libgcc.a
LOAD ../Arbitration_Nios0_APP_bsp/\libhal_bsp.a
LOAD c:/intelfpga_lite/18.1/nios2eds/bin/gnu/h-x86_64-mingw32/bin/../lib/gcc/nios2-elf/5.3.0/../../../../../H-x86_64-mingw32/nios2-elf/lib/mno-hw-mul\libm.a
END GROUP
LOAD c:/intelfpga_lite/18.1/nios2eds/bin/gnu/h-x86_64-mingw32/bin/../lib/gcc/nios2-elf/5.3.0/mno-hw-mul\libgcc.a
                0x0000000000004000                __alt_mem_onchip_memory2_0 = 0x4000

.entry          0x0000000000004000       0x20
 *(.entry)
 .entry         0x0000000000004000       0x20 ../Arbitration_Nios0_APP_bsp//obj/HAL/src/crt0.o
                0x0000000000004000                __reset

.exceptions     0x0000000000004020        0x0
                0x0000000000004020                PROVIDE (__ram_exceptions_start, ABSOLUTE (.))
                0x0000000000004020                . = ALIGN (0x20)
 *(.irq)
 *(.exceptions.entry.label)
 *(.exceptions.entry.user)
 *(.exceptions.entry.ecc_fatal)
 *(.exceptions.entry)
 *(.exceptions.irqtest.user)
 *(.exceptions.irqtest)
 *(.exceptions.irqhandler.user)
 *(.exceptions.irqhandler)
 *(.exceptions.irqreturn.user)
 *(.exceptions.irqreturn)
 *(.exceptions.notirq.label)
 *(.exceptions.notirq.user)
 *(.exceptions.notirq)
 *(.exceptions.soft.user)
 *(.exceptions.soft)
 *(.exceptions.unknown.user)
 *(.exceptions.unknown)
 *(.exceptions.exit.label)
 *(.exceptions.exit.user)
 *(.exceptions.exit)
 *(.exceptions)
                0x0000000000004020                PROVIDE (__ram_exceptions_end, ABSOLUTE (.))
                0x0000000000004020                PROVIDE (__flash_exceptions_start, LOADADDR (.exceptions))

.text           0x0000000000004020     0x1380
                [!provide]                        PROVIDE (stext, ABSOLUTE (.))
 *(.interp)
 *(.hash)
 *(.dynsym)
 *(.dynstr)
 *(.gnu.version)
 *(.gnu.version_d)
 *(.gnu.version_r)
 *(.rel.init)
 *(.rela.init)
 *(.rel.text .rel.text.* .rel.gnu.linkonce.t.*)
 *(.rela.text .rela.text.* .rela.gnu.linkonce.t.*)
 *(.rel.fini)
 *(.rela.fini)
 *(.rel.rodata .rel.rodata.* .rel.gnu.linkonce.r.*)
 *(.rela.rodata .rela.rodata.* .rela.gnu.linkonce.r.*)
 *(.rel.data .rel.data.* .rel.gnu.linkonce.d.*)
 *(.rela.data .rela.data.* .rela.gnu.linkonce.d.*)
 *(.rel.tdata .rel.tdata.* .rel.gnu.linkonce.td.*)
 *(.rela.tdata .rela.tdata.* .rela.gnu.linkonce.td.*)
 *(.rel.tbss .rel.tbss.* .rel.gnu.linkonce.tb.*)
 *(.rela.tbss .rela.tbss.* .rela.gnu.linkonce.tb.*)
 *(.rel.ctors)
 *(.rela.ctors)
 *(.rel.dtors)
 *(.rela.dtors)
 *(.rel.got)
 *(.rela.got)
 *(.rel.sdata .rel.sdata.* .rel.gnu.linkonce.s.*)
 *(.rela.sdata .rela.sdata.* .rela.gnu.linkonce.s.*)
 *(.rel.sbss .rel.sbss.* .rel.gnu.linkonce.sb.*)
 *(.rela.sbss .rela.sbss.* .rela.gnu.linkonce.sb.*)
 *(.rel.sdata2 .rel.sdata2.* .rel.gnu.linkonce.s2.*)
 *(.rela.sdata2 .rela.sdata2.* .rela.gnu.linkonce.s2.*)
 *(.rel.sbss2 .rel.sbss2.* .rel.gnu.linkonce.sb2.*)
 *(.rela.sbss2 .rela.sbss2.* .rela.gnu.linkonce.sb2.*)
 *(.rel.bss .rel.bss.* .rel.gnu.linkonce.b.*)
 *(.rela.bss .rela.bss.* .rela.gnu.linkonce.b.*)
 *(.rel.plt)
 *(.rela.plt)
 *(.rel.dyn)
 *(.init)
 *(.plt)
 *(.text .stub .text.* .gnu.linkonce.t.*)
 .text          0x0000000000004020       0x3c ../Arbitration_Nios0_APP_bsp//obj/HAL/src/crt0.o
                0x0000000000004020                _start
 .text          0x000000000000405c      0x12c obj/default/arbitration_nios0.o
                0x000000000000405c                jtag_display
                0x00000000000040c0                main
 .text          0x0000000000004188       0xec ../Arbitration_Nios0_APP_bsp/\libhal_bsp.a(alt_load.o)
                0x00000000000041f0                alt_load
 .text          0x0000000000004274       0x7c ../Arbitration_Nios0_APP_bsp/\libhal_bsp.a(alt_main.o)
                0x0000000000004274                alt_main
 .text          0x00000000000042f0       0xa4 ../Arbitration_Nios0_APP_bsp/\libhal_bsp.a(alt_sys_init.o)
                0x0000000000004324                alt_irq_init
                0x000000000000435c                alt_sys_init
 .text          0x0000000000004394       0xc0 ../Arbitration_Nios0_APP_bsp/\libhal_bsp.a(altera_avalon_jtag_uart_fd.o)
                0x0000000000004394                altera_avalon_jtag_uart_read_fd
                0x00000000000043f4                altera_avalon_jtag_uart_write_fd
 .text          0x0000000000004454       0xec ../Arbitration_Nios0_APP_bsp/\libhal_bsp.a(altera_avalon_jtag_uart_read.o)
                0x0000000000004454                altera_avalon_jtag_uart_read
 .text          0x0000000000004540       0x94 ../Arbitration_Nios0_APP_bsp/\libhal_bsp.a(altera_avalon_jtag_uart_write.o)
                0x0000000000004540                altera_avalon_jtag_uart_write
 .text          0x00000000000045d4      0x114 ../Arbitration_Nios0_APP_bsp/\libhal_bsp.a(alt_close.o)
                0x0000000000004610                close
 .text          0x00000000000046e8       0x20 ../Arbitration_Nios0_APP_bsp/\libhal_bsp.a(alt_dcache_flush_all.o)
                0x00000000000046e8                alt_dcache_flush_all
 .text          0x0000000000004708       0x2c ../Arbitration_Nios0_APP_bsp/\libhal_bsp.a(alt_dev.o)
 .text          0x0000000000004734       0xe0 ../Arbitration_Nios0_APP_bsp/\libhal_bsp.a(alt_dev_llist_insert.o)
                0x0000000000004770                alt_dev_llist_insert
 .text          0x0000000000004814       0x60 ../Arbitration_Nios0_APP_bsp/\libhal_bsp.a(alt_do_ctors.o)
                0x0000000000004814                _do_ctors
 .text          0x0000000000004874       0x60 ../Arbitration_Nios0_APP_bsp/\libhal_bsp.a(alt_do_dtors.o)
                0x0000000000004874                _do_dtors
 .text          0x00000000000048d4        0x0 ../Arbitration_Nios0_APP_bsp/\libhal_bsp.a(alt_errno.o)
 .text          0x00000000000048d4       0x20 ../Arbitration_Nios0_APP_bsp/\libhal_bsp.a(alt_icache_flush_all.o)
                0x00000000000048d4                alt_icache_flush_all
 .text          0x00000000000048f4      0x160 ../Arbitration_Nios0_APP_bsp/\libhal_bsp.a(alt_io_redirect.o)
                0x00000000000049d8                alt_io_redirect
 .text          0x0000000000004a54      0x284 ../Arbitration_Nios0_APP_bsp/\libhal_bsp.a(alt_open.o)
                0x0000000000004b7c                open
 .text          0x0000000000004cd8       0x84 ../Arbitration_Nios0_APP_bsp/\libhal_bsp.a(alt_release_fd.o)
                0x0000000000004cd8                alt_release_fd
 .text          0x0000000000004d5c       0x24 ../Arbitration_Nios0_APP_bsp/\libhal_bsp.a(altera_nios2_gen2_irq.o)
                0x0000000000004d5c                altera_nios2_gen2_irq_init
 .text          0x0000000000004d80       0x90 ../Arbitration_Nios0_APP_bsp/\libhal_bsp.a(alt_find_dev.o)
                0x0000000000004d80                alt_find_dev
 .text          0x0000000000004e10      0x108 ../Arbitration_Nios0_APP_bsp/\libhal_bsp.a(alt_find_file.o)
                0x0000000000004e10                alt_find_file
 .text          0x0000000000004f18       0xc4 ../Arbitration_Nios0_APP_bsp/\libhal_bsp.a(alt_get_fd.o)
                0x0000000000004f18                alt_get_fd
 .text          0x0000000000004fdc        0x0 c:/intelfpga_lite/18.1/nios2eds/bin/gnu/h-x86_64-mingw32/bin/../lib/gcc/nios2-elf/5.3.0/../../../../../H-x86_64-mingw32/nios2-elf/lib/mno-hw-mul\libsmallc.a(lib_a-atexit.o)
 .text.atexit   0x0000000000004fdc       0x14 c:/intelfpga_lite/18.1/nios2eds/bin/gnu/h-x86_64-mingw32/bin/../lib/gcc/nios2-elf/5.3.0/../../../../../H-x86_64-mingw32/nios2-elf/lib/mno-hw-mul\libsmallc.a(lib_a-atexit.o)
                0x0000000000004fdc                atexit
 .text          0x0000000000004ff0        0x0 c:/intelfpga_lite/18.1/nios2eds/bin/gnu/h-x86_64-mingw32/bin/../lib/gcc/nios2-elf/5.3.0/../../../../../H-x86_64-mingw32/nios2-elf/lib/mno-hw-mul\libsmallc.a(lib_a-exit.o)
 .text.exit     0x0000000000004ff0       0x20 c:/intelfpga_lite/18.1/nios2eds/bin/gnu/h-x86_64-mingw32/bin/../lib/gcc/nios2-elf/5.3.0/../../../../../H-x86_64-mingw32/nios2-elf/lib/mno-hw-mul\libsmallc.a(lib_a-exit.o)
                0x0000000000004ff0                exit
 .text          0x0000000000005010        0x0 c:/intelfpga_lite/18.1/nios2eds/bin/gnu/h-x86_64-mingw32/bin/../lib/gcc/nios2-elf/5.3.0/../../../../../H-x86_64-mingw32/nios2-elf/lib/mno-hw-mul\libsmallc.a(lib_a-int_errno.o)
 .text          0x0000000000005010        0x0 c:/intelfpga_lite/18.1/nios2eds/bin/gnu/h-x86_64-mingw32/bin/../lib/gcc/nios2-elf/5.3.0/../../../../../H-x86_64-mingw32/nios2-elf/lib/mno-hw-mul\libsmallc.a(lib_a-memcmp.o)
 .text.memcmp   0x0000000000005010       0x30 c:/intelfpga_lite/18.1/nios2eds/bin/gnu/h-x86_64-mingw32/bin/../lib/gcc/nios2-elf/5.3.0/../../../../../H-x86_64-mingw32/nios2-elf/lib/mno-hw-mul\libsmallc.a(lib_a-memcmp.o)
                0x0000000000005010                memcmp
 .text          0x0000000000005040        0x0 c:/intelfpga_lite/18.1/nios2eds/bin/gnu/h-x86_64-mingw32/bin/../lib/gcc/nios2-elf/5.3.0/../../../../../H-x86_64-mingw32/nios2-elf/lib/mno-hw-mul\libsmallc.a(lib_a-strlen.o)
 .text.strlen   0x0000000000005040       0x1c c:/intelfpga_lite/18.1/nios2eds/bin/gnu/h-x86_64-mingw32/bin/../lib/gcc/nios2-elf/5.3.0/../../../../../H-x86_64-mingw32/nios2-elf/lib/mno-hw-mul\libsmallc.a(lib_a-strlen.o)
                0x0000000000005040                strlen
 .text          0x000000000000505c        0x0 c:/intelfpga_lite/18.1/nios2eds/bin/gnu/h-x86_64-mingw32/bin/../lib/gcc/nios2-elf/5.3.0/../../../../../H-x86_64-mingw32/nios2-elf/lib/mno-hw-mul\libsmallc.a(lib_a-__atexit.o)
 .text.__register_exitproc
                0x000000000000505c      0x158 c:/intelfpga_lite/18.1/nios2eds/bin/gnu/h-x86_64-mingw32/bin/../lib/gcc/nios2-elf/5.3.0/../../../../../H-x86_64-mingw32/nios2-elf/lib/mno-hw-mul\libsmallc.a(lib_a-__atexit.o)
                0x000000000000505c                __register_exitproc
 .text          0x00000000000051b4        0x0 c:/intelfpga_lite/18.1/nios2eds/bin/gnu/h-x86_64-mingw32/bin/../lib/gcc/nios2-elf/5.3.0/../../../../../H-x86_64-mingw32/nios2-elf/lib/mno-hw-mul\libsmallc.a(lib_a-__call_atexit.o)
 .text.__call_exitprocs
                0x00000000000051b4      0x190 c:/intelfpga_lite/18.1/nios2eds/bin/gnu/h-x86_64-mingw32/bin/../lib/gcc/nios2-elf/5.3.0/../../../../../H-x86_64-mingw32/nios2-elf/lib/mno-hw-mul\libsmallc.a(lib_a-__call_atexit.o)
                0x00000000000051b4                __call_exitprocs
 .text          0x0000000000005344        0x0 c:/intelfpga_lite/18.1/nios2eds/bin/gnu/h-x86_64-mingw32/bin/../lib/gcc/nios2-elf/5.3.0/../../../../../H-x86_64-mingw32/nios2-elf/lib/mno-hw-mul\libsmallc.a(lib_a-impure.o)
 .text          0x0000000000005344       0x28 c:/intelfpga_lite/18.1/nios2eds/bin/gnu/h-x86_64-mingw32/bin/../lib/gcc/nios2-elf/5.3.0/mno-hw-mul\libgcc.a(lib2-mul.o)
                0x0000000000005344                __mulsi3
 .text          0x000000000000536c       0x34 ../Arbitration_Nios0_APP_bsp/\libhal_bsp.a(alt_exit.o)
                0x000000000000536c                _exit
 *(.gnu.warning.*)
 *(.fini)
                [!provide]                        PROVIDE (__etext, ABSOLUTE (.))
                [!provide]                        PROVIDE (_etext, ABSOLUTE (.))
                [!provide]                        PROVIDE (etext, ABSOLUTE (.))
 *(.eh_frame_hdr)
                0x00000000000053a0                . = ALIGN (0x4)
                [!provide]                        PROVIDE (__preinit_array_start, ABSOLUTE (.))
 *(.preinit_array)
                [!provide]                        PROVIDE (__preinit_array_end, ABSOLUTE (.))
                [!provide]                        PROVIDE (__init_array_start, ABSOLUTE (.))
 *(.init_array)
                [!provide]                        PROVIDE (__init_array_end, ABSOLUTE (.))
                [!provide]                        PROVIDE (__fini_array_start, ABSOLUTE (.))
 *(.fini_array)
                [!provide]                        PROVIDE (__fini_array_end, ABSOLUTE (.))
 *(.eh_frame)
 *(.gcc_except_table .gcc_except_table.*)
 *(.dynamic)
                0x00000000000053a0                PROVIDE (__CTOR_LIST__, ABSOLUTE (.))
 *(.ctors)
 *(SORT(.ctors.*))
                0x00000000000053a0                PROVIDE (__CTOR_END__, ABSOLUTE (.))
                0x00000000000053a0                PROVIDE (__DTOR_LIST__, ABSOLUTE (.))
 *(.dtors)
 *(SORT(.dtors.*))
                0x00000000000053a0                PROVIDE (__DTOR_END__, ABSOLUTE (.))
 *(.jcr)
                0x00000000000053a0                . = ALIGN (0x4)

.rodata         0x00000000000053a0       0x5c
                0x00000000000053a0                PROVIDE (__ram_rodata_start, ABSOLUTE (.))
                0x00000000000053a0                . = ALIGN (0x4)
 *(.rodata .rodata.* .gnu.linkonce.r.*)
 .rodata        0x00000000000053a0       0x25 obj/default/arbitration_nios0.o
 *fill*         0x00000000000053c5        0x3 
 .rodata        0x00000000000053c8       0x11 ../Arbitration_Nios0_APP_bsp/\libhal_bsp.a(alt_main.o)
 *fill*         0x00000000000053d9        0x3 
 .rodata        0x00000000000053dc       0x11 ../Arbitration_Nios0_APP_bsp/\libhal_bsp.a(alt_sys_init.o)
 *fill*         0x00000000000053ed        0x3 
 .rodata        0x00000000000053f0        0xa ../Arbitration_Nios0_APP_bsp/\libhal_bsp.a(alt_dev.o)
 *(.rodata1)
                0x00000000000053fc                . = ALIGN (0x4)
 *fill*         0x00000000000053fa        0x2 
                0x00000000000053fc                PROVIDE (__ram_rodata_end, ABSOLUTE (.))
                0x00000000000053a0                PROVIDE (__flash_rodata_start, LOADADDR (.rodata))

.rwdata         0x00000000000053fc      0x2dc load address 0x00000000000056d8
                0x00000000000053fc                PROVIDE (__ram_rwdata_start, ABSOLUTE (.))
                0x00000000000053fc                . = ALIGN (0x4)
 *(.got.plt)
 *(.got)
 *(.data1)
 *(.data .data.* .gnu.linkonce.d.*)
 .data          0x00000000000053fc        0x0 ../Arbitration_Nios0_APP_bsp//obj/HAL/src/crt0.o
 .data          0x00000000000053fc        0x0 obj/default/arbitration_nios0.o
 .data          0x00000000000053fc        0x0 ../Arbitration_Nios0_APP_bsp/\libhal_bsp.a(alt_load.o)
 .data          0x00000000000053fc        0x0 ../Arbitration_Nios0_APP_bsp/\libhal_bsp.a(alt_main.o)
 .data          0x00000000000053fc       0x2c ../Arbitration_Nios0_APP_bsp/\libhal_bsp.a(alt_sys_init.o)
 .data          0x0000000000005428        0x0 ../Arbitration_Nios0_APP_bsp/\libhal_bsp.a(altera_avalon_jtag_uart_fd.o)
 .data          0x0000000000005428        0x0 ../Arbitration_Nios0_APP_bsp/\libhal_bsp.a(altera_avalon_jtag_uart_read.o)
 .data          0x0000000000005428        0x0 ../Arbitration_Nios0_APP_bsp/\libhal_bsp.a(altera_avalon_jtag_uart_write.o)
 .data          0x0000000000005428        0x0 ../Arbitration_Nios0_APP_bsp/\libhal_bsp.a(alt_close.o)
 .data          0x0000000000005428        0x0 ../Arbitration_Nios0_APP_bsp/\libhal_bsp.a(alt_dcache_flush_all.o)
 .data          0x0000000000005428      0x1a8 ../Arbitration_Nios0_APP_bsp/\libhal_bsp.a(alt_dev.o)
                0x0000000000005428                alt_dev_null
                0x0000000000005450                alt_fd_list
 .data          0x00000000000055d0        0x0 ../Arbitration_Nios0_APP_bsp/\libhal_bsp.a(alt_dev_llist_insert.o)
 .data          0x00000000000055d0        0x0 ../Arbitration_Nios0_APP_bsp/\libhal_bsp.a(alt_do_ctors.o)
 .data          0x00000000000055d0        0x0 ../Arbitration_Nios0_APP_bsp/\libhal_bsp.a(alt_do_dtors.o)
 .data          0x00000000000055d0        0x0 ../Arbitration_Nios0_APP_bsp/\libhal_bsp.a(alt_errno.o)
 .data          0x00000000000055d0        0x0 ../Arbitration_Nios0_APP_bsp/\libhal_bsp.a(alt_icache_flush_all.o)
 .data          0x00000000000055d0        0x0 ../Arbitration_Nios0_APP_bsp/\libhal_bsp.a(alt_io_redirect.o)
 .data          0x00000000000055d0        0x0 ../Arbitration_Nios0_APP_bsp/\libhal_bsp.a(alt_open.o)
 .data          0x00000000000055d0        0x0 ../Arbitration_Nios0_APP_bsp/\libhal_bsp.a(alt_release_fd.o)
 .data          0x00000000000055d0        0x0 ../Arbitration_Nios0_APP_bsp/\libhal_bsp.a(altera_nios2_gen2_irq.o)
 .data          0x00000000000055d0        0x0 ../Arbitration_Nios0_APP_bsp/\libhal_bsp.a(alt_find_dev.o)
 .data          0x00000000000055d0        0x0 ../Arbitration_Nios0_APP_bsp/\libhal_bsp.a(alt_find_file.o)
 .data          0x00000000000055d0        0x0 ../Arbitration_Nios0_APP_bsp/\libhal_bsp.a(alt_get_fd.o)
 .data          0x00000000000055d0        0x0 c:/intelfpga_lite/18.1/nios2eds/bin/gnu/h-x86_64-mingw32/bin/../lib/gcc/nios2-elf/5.3.0/../../../../../H-x86_64-mingw32/nios2-elf/lib/mno-hw-mul\libsmallc.a(lib_a-atexit.o)
 .data          0x00000000000055d0        0x0 c:/intelfpga_lite/18.1/nios2eds/bin/gnu/h-x86_64-mingw32/bin/../lib/gcc/nios2-elf/5.3.0/../../../../../H-x86_64-mingw32/nios2-elf/lib/mno-hw-mul\libsmallc.a(lib_a-exit.o)
 .data          0x00000000000055d0        0x0 c:/intelfpga_lite/18.1/nios2eds/bin/gnu/h-x86_64-mingw32/bin/../lib/gcc/nios2-elf/5.3.0/../../../../../H-x86_64-mingw32/nios2-elf/lib/mno-hw-mul\libsmallc.a(lib_a-int_errno.o)
 .data          0x00000000000055d0        0x0 c:/intelfpga_lite/18.1/nios2eds/bin/gnu/h-x86_64-mingw32/bin/../lib/gcc/nios2-elf/5.3.0/../../../../../H-x86_64-mingw32/nios2-elf/lib/mno-hw-mul\libsmallc.a(lib_a-memcmp.o)
 .data          0x00000000000055d0        0x0 c:/intelfpga_lite/18.1/nios2eds/bin/gnu/h-x86_64-mingw32/bin/../lib/gcc/nios2-elf/5.3.0/../../../../../H-x86_64-mingw32/nios2-elf/lib/mno-hw-mul\libsmallc.a(lib_a-strlen.o)
 .data          0x00000000000055d0        0x0 c:/intelfpga_lite/18.1/nios2eds/bin/gnu/h-x86_64-mingw32/bin/../lib/gcc/nios2-elf/5.3.0/../../../../../H-x86_64-mingw32/nios2-elf/lib/mno-hw-mul\libsmallc.a(lib_a-__atexit.o)
 .data          0x00000000000055d0        0x0 c:/intelfpga_lite/18.1/nios2eds/bin/gnu/h-x86_64-mingw32/bin/../lib/gcc/nios2-elf/5.3.0/../../../../../H-x86_64-mingw32/nios2-elf/lib/mno-hw-mul\libsmallc.a(lib_a-__call_atexit.o)
 .data          0x00000000000055d0        0x0 c:/intelfpga_lite/18.1/nios2eds/bin/gnu/h-x86_64-mingw32/bin/../lib/gcc/nios2-elf/5.3.0/../../../../../H-x86_64-mingw32/nios2-elf/lib/mno-hw-mul\libsmallc.a(lib_a-impure.o)
 .data.impure_data
                0x00000000000055d0       0xe0 c:/intelfpga_lite/18.1/nios2eds/bin/gnu/h-x86_64-mingw32/bin/../lib/gcc/nios2-elf/5.3.0/../../../../../H-x86_64-mingw32/nios2-elf/lib/mno-hw-mul\libsmallc.a(lib_a-impure.o)
 .data          0x00000000000056b0        0x0 c:/intelfpga_lite/18.1/nios2eds/bin/gnu/h-x86_64-mingw32/bin/../lib/gcc/nios2-elf/5.3.0/mno-hw-mul\libgcc.a(lib2-mul.o)
 .data          0x00000000000056b0        0x0 ../Arbitration_Nios0_APP_bsp/\libhal_bsp.a(alt_exit.o)
                0x000000000000d6b0                _gp = ABSOLUTE ((. + 0x8000))
                [!provide]                        PROVIDE (gp, _gp)
 *(.rwdata .rwdata.*)
 *(.sdata .sdata.* .gnu.linkonce.s.*)
 .sdata         0x00000000000056b0        0x8 obj/default/arbitration_nios0.o
                0x00000000000056b0                BridgePtr
                0x00000000000056b4                JtagUartPtr
 .sdata         0x00000000000056b8       0x14 ../Arbitration_Nios0_APP_bsp/\libhal_bsp.a(alt_dev.o)
                0x00000000000056b8                alt_fs_list
                0x00000000000056c0                alt_dev_list
                0x00000000000056c8                alt_max_fd
 .sdata         0x00000000000056cc        0x4 ../Arbitration_Nios0_APP_bsp/\libhal_bsp.a(alt_errno.o)
                0x00000000000056cc                alt_errno
 .sdata._global_impure_ptr
                0x00000000000056d0        0x4 c:/intelfpga_lite/18.1/nios2eds/bin/gnu/h-x86_64-mingw32/bin/../lib/gcc/nios2-elf/5.3.0/../../../../../H-x86_64-mingw32/nios2-elf/lib/mno-hw-mul\libsmallc.a(lib_a-impure.o)
                0x00000000000056d0                _global_impure_ptr
 .sdata._impure_ptr
                0x00000000000056d4        0x4 c:/intelfpga_lite/18.1/nios2eds/bin/gnu/h-x86_64-mingw32/bin/../lib/gcc/nios2-elf/5.3.0/../../../../../H-x86_64-mingw32/nios2-elf/lib/mno-hw-mul\libsmallc.a(lib_a-impure.o)
                0x00000000000056d4                _impure_ptr
 *(.sdata2 .sdata2.* .gnu.linkonce.s2.*)
                0x00000000000056d8                . = ALIGN (0x4)
                0x00000000000056d8                _edata = ABSOLUTE (.)
                [!provide]                        PROVIDE (edata, ABSOLUTE (.))
                0x00000000000056d8                PROVIDE (__ram_rwdata_end, ABSOLUTE (.))
                0x00000000000056d8                PROVIDE (__flash_rwdata_start, LOADADDR (.rwdata))

.bss            0x00000000000059b4       0x10
                0x00000000000059b4                __bss_start = ABSOLUTE (.)
                [!provide]                        PROVIDE (__sbss_start, ABSOLUTE (.))
                [!provide]                        PROVIDE (___sbss_start, ABSOLUTE (.))
 *(.dynsbss)
 *(.sbss .sbss.* .gnu.linkonce.sb.*)
 .sbss          0x00000000000059b4        0xc ../Arbitration_Nios0_APP_bsp/\libhal_bsp.a(alt_main.o)
                0x00000000000059b4                alt_argc
                0x00000000000059b8                alt_argv
                0x00000000000059bc                alt_envp
 .sbss          0x00000000000059c0        0x4 c:/intelfpga_lite/18.1/nios2eds/bin/gnu/h-x86_64-mingw32/bin/../lib/gcc/nios2-elf/5.3.0/../../../../../H-x86_64-mingw32/nios2-elf/lib/mno-hw-mul\libsmallc.a(lib_a-int_errno.o)
                0x00000000000059c0                errno
 *(.sbss2 .sbss2.* .gnu.linkonce.sb2.*)
 *(.scommon)
                [!provide]                        PROVIDE (__sbss_end, ABSOLUTE (.))
                [!provide]                        PROVIDE (___sbss_end, ABSOLUTE (.))
 *(.dynbss)
 *(.bss .bss.* .gnu.linkonce.b.*)
 .bss           0x00000000000059c4        0x0 ../Arbitration_Nios0_APP_bsp//obj/HAL/src/crt0.o
 .bss           0x00000000000059c4        0x0 obj/default/arbitration_nios0.o
 .bss           0x00000000000059c4        0x0 ../Arbitration_Nios0_APP_bsp/\libhal_bsp.a(alt_load.o)
 .bss           0x00000000000059c4        0x0 ../Arbitration_Nios0_APP_bsp/\libhal_bsp.a(alt_main.o)
 .bss           0x00000000000059c4        0x0 ../Arbitration_Nios0_APP_bsp/\libhal_bsp.a(alt_sys_init.o)
 .bss           0x00000000000059c4        0x0 ../Arbitration_Nios0_APP_bsp/\libhal_bsp.a(altera_avalon_jtag_uart_fd.o)
 .bss           0x00000000000059c4        0x0 ../Arbitration_Nios0_APP_bsp/\libhal_bsp.a(altera_avalon_jtag_uart_read.o)
 .bss           0x00000000000059c4        0x0 ../Arbitration_Nios0_APP_bsp/\libhal_bsp.a(altera_avalon_jtag_uart_write.o)
 .bss           0x00000000000059c4        0x0 ../Arbitration_Nios0_APP_bsp/\libhal_bsp.a(alt_close.o)
 .bss           0x00000000000059c4        0x0 ../Arbitration_Nios0_APP_bsp/\libhal_bsp.a(alt_dcache_flush_all.o)
 .bss           0x00000000000059c4        0x0 ../Arbitration_Nios0_APP_bsp/\libhal_bsp.a(alt_dev.o)
 .bss           0x00000000000059c4        0x0 ../Arbitration_Nios0_APP_bsp/\libhal_bsp.a(alt_dev_llist_insert.o)
 .bss           0x00000000000059c4        0x0 ../Arbitration_Nios0_APP_bsp/\libhal_bsp.a(alt_do_ctors.o)
 .bss           0x00000000000059c4        0x0 ../Arbitration_Nios0_APP_bsp/\libhal_bsp.a(alt_do_dtors.o)
 .bss           0x00000000000059c4        0x0 ../Arbitration_Nios0_APP_bsp/\libhal_bsp.a(alt_errno.o)
 .bss           0x00000000000059c4        0x0 ../Arbitration_Nios0_APP_bsp/\libhal_bsp.a(alt_icache_flush_all.o)
 .bss           0x00000000000059c4        0x0 ../Arbitration_Nios0_APP_bsp/\libhal_bsp.a(alt_io_redirect.o)
 .bss           0x00000000000059c4        0x0 ../Arbitration_Nios0_APP_bsp/\libhal_bsp.a(alt_open.o)
 .bss           0x00000000000059c4        0x0 ../Arbitration_Nios0_APP_bsp/\libhal_bsp.a(alt_release_fd.o)
 .bss           0x00000000000059c4        0x0 ../Arbitration_Nios0_APP_bsp/\libhal_bsp.a(altera_nios2_gen2_irq.o)
 .bss           0x00000000000059c4        0x0 ../Arbitration_Nios0_APP_bsp/\libhal_bsp.a(alt_find_dev.o)
 .bss           0x00000000000059c4        0x0 ../Arbitration_Nios0_APP_bsp/\libhal_bsp.a(alt_find_file.o)
 .bss           0x00000000000059c4        0x0 ../Arbitration_Nios0_APP_bsp/\libhal_bsp.a(alt_get_fd.o)
 .bss           0x00000000000059c4        0x0 c:/intelfpga_lite/18.1/nios2eds/bin/gnu/h-x86_64-mingw32/bin/../lib/gcc/nios2-elf/5.3.0/../../../../../H-x86_64-mingw32/nios2-elf/lib/mno-hw-mul\libsmallc.a(lib_a-atexit.o)
 .bss           0x00000000000059c4        0x0 c:/intelfpga_lite/18.1/nios2eds/bin/gnu/h-x86_64-mingw32/bin/../lib/gcc/nios2-elf/5.3.0/../../../../../H-x86_64-mingw32/nios2-elf/lib/mno-hw-mul\libsmallc.a(lib_a-exit.o)
 .bss           0x00000000000059c4        0x0 c:/intelfpga_lite/18.1/nios2eds/bin/gnu/h-x86_64-mingw32/bin/../lib/gcc/nios2-elf/5.3.0/../../../../../H-x86_64-mingw32/nios2-elf/lib/mno-hw-mul\libsmallc.a(lib_a-int_errno.o)
 .bss           0x00000000000059c4        0x0 c:/intelfpga_lite/18.1/nios2eds/bin/gnu/h-x86_64-mingw32/bin/../lib/gcc/nios2-elf/5.3.0/../../../../../H-x86_64-mingw32/nios2-elf/lib/mno-hw-mul\libsmallc.a(lib_a-memcmp.o)
 .bss           0x00000000000059c4        0x0 c:/intelfpga_lite/18.1/nios2eds/bin/gnu/h-x86_64-mingw32/bin/../lib/gcc/nios2-elf/5.3.0/../../../../../H-x86_64-mingw32/nios2-elf/lib/mno-hw-mul\libsmallc.a(lib_a-strlen.o)
 .bss           0x00000000000059c4        0x0 c:/intelfpga_lite/18.1/nios2eds/bin/gnu/h-x86_64-mingw32/bin/../lib/gcc/nios2-elf/5.3.0/../../../../../H-x86_64-mingw32/nios2-elf/lib/mno-hw-mul\libsmallc.a(lib_a-__atexit.o)
 .bss           0x00000000000059c4        0x0 c:/intelfpga_lite/18.1/nios2eds/bin/gnu/h-x86_64-mingw32/bin/../lib/gcc/nios2-elf/5.3.0/../../../../../H-x86_64-mingw32/nios2-elf/lib/mno-hw-mul\libsmallc.a(lib_a-__call_atexit.o)
 .bss           0x00000000000059c4        0x0 c:/intelfpga_lite/18.1/nios2eds/bin/gnu/h-x86_64-mingw32/bin/../lib/gcc/nios2-elf/5.3.0/../../../../../H-x86_64-mingw32/nios2-elf/lib/mno-hw-mul\libsmallc.a(lib_a-impure.o)
 .bss           0x00000000000059c4        0x0 c:/intelfpga_lite/18.1/nios2eds/bin/gnu/h-x86_64-mingw32/bin/../lib/gcc/nios2-elf/5.3.0/mno-hw-mul\libgcc.a(lib2-mul.o)
 .bss           0x00000000000059c4        0x0 ../Arbitration_Nios0_APP_bsp/\libhal_bsp.a(alt_exit.o)
 *(COMMON)
                0x00000000000059c4                . = ALIGN (0x4)
                0x00000000000059c4                __bss_end = ABSOLUTE (.)

.onchip_memory2_0
                0x00000000000059c4        0x0
                [!provide]                        PROVIDE (_alt_partition_onchip_memory2_0_start, ABSOLUTE (.))
 *(.onchip_memory2_0 .onchip_memory2_0. onchip_memory2_0.*)
                0x00000000000059c4                . = ALIGN (0x4)
                [!provide]                        PROVIDE (_alt_partition_onchip_memory2_0_end, ABSOLUTE (.))
                0x00000000000059c4                _end = ABSOLUTE (.)
                0x00000000000059c4                end = ABSOLUTE (.)
                0x00000000000059c4                __alt_stack_base = ABSOLUTE (.)
                [!provide]                        PROVIDE (_alt_partition_onchip_memory2_0_load_addr, LOADADDR (.onchip_memory2_0))

.stab
 *(.stab)

.stabstr
 *(.stabstr)

.stab.excl
 *(.stab.excl)

.stab.exclstr
 *(.stab.exclstr)

.stab.index
 *(.stab.index)

.stab.indexstr
 *(.stab.indexstr)

.comment        0x0000000000000000       0x23
 *(.comment)
 .comment       0x0000000000000000       0x23 obj/default/arbitration_nios0.o
                                         0x24 (size before relaxing)
 .comment       0x0000000000000023       0x24 ../Arbitration_Nios0_APP_bsp/\libhal_bsp.a(alt_load.o)
 .comment       0x0000000000000023       0x24 ../Arbitration_Nios0_APP_bsp/\libhal_bsp.a(alt_main.o)
 .comment       0x0000000000000023       0x24 ../Arbitration_Nios0_APP_bsp/\libhal_bsp.a(alt_sys_init.o)
 .comment       0x0000000000000023       0x24 ../Arbitration_Nios0_APP_bsp/\libhal_bsp.a(altera_avalon_jtag_uart_fd.o)
 .comment       0x0000000000000023       0x24 ../Arbitration_Nios0_APP_bsp/\libhal_bsp.a(altera_avalon_jtag_uart_read.o)
 .comment       0x0000000000000023       0x24 ../Arbitration_Nios0_APP_bsp/\libhal_bsp.a(altera_avalon_jtag_uart_write.o)
 .comment       0x0000000000000023       0x24 ../Arbitration_Nios0_APP_bsp/\libhal_bsp.a(alt_close.o)
 .comment       0x0000000000000023       0x24 ../Arbitration_Nios0_APP_bsp/\libhal_bsp.a(alt_dcache_flush_all.o)
 .comment       0x0000000000000023       0x24 ../Arbitration_Nios0_APP_bsp/\libhal_bsp.a(alt_dev.o)
 .comment       0x0000000000000023       0x24 ../Arbitration_Nios0_APP_bsp/\libhal_bsp.a(alt_dev_llist_insert.o)
 .comment       0x0000000000000023       0x24 ../Arbitration_Nios0_APP_bsp/\libhal_bsp.a(alt_do_ctors.o)
 .comment       0x0000000000000023       0x24 ../Arbitration_Nios0_APP_bsp/\libhal_bsp.a(alt_do_dtors.o)
 .comment       0x0000000000000023       0x24 ../Arbitration_Nios0_APP_bsp/\libhal_bsp.a(alt_errno.o)
 .comment       0x0000000000000023       0x24 ../Arbitration_Nios0_APP_bsp/\libhal_bsp.a(alt_icache_flush_all.o)
 .comment       0x0000000000000023       0x24 ../Arbitration_Nios0_APP_bsp/\libhal_bsp.a(alt_io_redirect.o)
 .comment       0x0000000000000023       0x24 ../Arbitration_Nios0_APP_bsp/\libhal_bsp.a(alt_open.o)
 .comment       0x0000000000000023       0x24 ../Arbitration_Nios0_APP_bsp/\libhal_bsp.a(alt_release_fd.o)
 .comment       0x0000000000000023       0x24 ../Arbitration_Nios0_APP_bsp/\libhal_bsp.a(altera_nios2_gen2_irq.o)
 .comment       0x0000000000000023       0x24 ../Arbitration_Nios0_APP_bsp/\libhal_bsp.a(alt_find_dev.o)
 .comment       0x0000000000000023       0x24 ../Arbitration_Nios0_APP_bsp/\libhal_bsp.a(alt_find_file.o)
 .comment       0x0000000000000023       0x24 ../Arbitration_Nios0_APP_bsp/\libhal_bsp.a(alt_get_fd.o)
 .comment       0x0000000000000023       0x24 c:/intelfpga_lite/18.1/nios2eds/bin/gnu/h-x86_64-mingw32/bin/../lib/gcc/nios2-elf/5.3.0/../../../../../H-x86_64-mingw32/nios2-elf/lib/mno-hw-mul\libsmallc.a(lib_a-atexit.o)
 .comment       0x0000000000000023       0x24 c:/intelfpga_lite/18.1/nios2eds/bin/gnu/h-x86_64-mingw32/bin/../lib/gcc/nios2-elf/5.3.0/../../../../../H-x86_64-mingw32/nios2-elf/lib/mno-hw-mul\libsmallc.a(lib_a-exit.o)
 .comment       0x0000000000000023       0x24 c:/intelfpga_lite/18.1/nios2eds/bin/gnu/h-x86_64-mingw32/bin/../lib/gcc/nios2-elf/5.3.0/../../../../../H-x86_64-mingw32/nios2-elf/lib/mno-hw-mul\libsmallc.a(lib_a-int_errno.o)
 .comment       0x0000000000000023       0x24 c:/intelfpga_lite/18.1/nios2eds/bin/gnu/h-x86_64-mingw32/bin/../lib/gcc/nios2-elf/5.3.0/../../../../../H-x86_64-mingw32/nios2-elf/lib/mno-hw-mul\libsmallc.a(lib_a-memcmp.o)
 .comment       0x0000000000000023       0x24 c:/intelfpga_lite/18.1/nios2eds/bin/gnu/h-x86_64-mingw32/bin/../lib/gcc/nios2-elf/5.3.0/../../../../../H-x86_64-mingw32/nios2-elf/lib/mno-hw-mul\libsmallc.a(lib_a-strlen.o)
 .comment       0x0000000000000023       0x24 c:/intelfpga_lite/18.1/nios2eds/bin/gnu/h-x86_64-mingw32/bin/../lib/gcc/nios2-elf/5.3.0/../../../../../H-x86_64-mingw32/nios2-elf/lib/mno-hw-mul\libsmallc.a(lib_a-__atexit.o)
 .comment       0x0000000000000023       0x24 c:/intelfpga_lite/18.1/nios2eds/bin/gnu/h-x86_64-mingw32/bin/../lib/gcc/nios2-elf/5.3.0/../../../../../H-x86_64-mingw32/nios2-elf/lib/mno-hw-mul\libsmallc.a(lib_a-__call_atexit.o)
 .comment       0x0000000000000023       0x24 c:/intelfpga_lite/18.1/nios2eds/bin/gnu/h-x86_64-mingw32/bin/../lib/gcc/nios2-elf/5.3.0/../../../../../H-x86_64-mingw32/nios2-elf/lib/mno-hw-mul\libsmallc.a(lib_a-impure.o)
 .comment       0x0000000000000023       0x24 c:/intelfpga_lite/18.1/nios2eds/bin/gnu/h-x86_64-mingw32/bin/../lib/gcc/nios2-elf/5.3.0/mno-hw-mul\libgcc.a(lib2-mul.o)
 .comment       0x0000000000000023       0x24 ../Arbitration_Nios0_APP_bsp/\libhal_bsp.a(alt_exit.o)

.debug
 *(.debug)

.line
 *(.line)

.debug_srcinfo
 *(.debug_srcinfo)

.debug_sfnames
 *(.debug_sfnames)

.debug_aranges  0x0000000000000000      0x410
 *(.debug_aranges)
 .debug_aranges
                0x0000000000000000       0x28 ../Arbitration_Nios0_APP_bsp//obj/HAL/src/crt0.o
 .debug_aranges
                0x0000000000000028       0x20 obj/default/arbitration_nios0.o
 .debug_aranges
                0x0000000000000048       0x20 ../Arbitration_Nios0_APP_bsp/\libhal_bsp.a(alt_load.o)
 .debug_aranges
                0x0000000000000068       0x20 ../Arbitration_Nios0_APP_bsp/\libhal_bsp.a(alt_main.o)
 .debug_aranges
                0x0000000000000088       0x20 ../Arbitration_Nios0_APP_bsp/\libhal_bsp.a(alt_sys_init.o)
 .debug_aranges
                0x00000000000000a8       0x20 ../Arbitration_Nios0_APP_bsp/\libhal_bsp.a(altera_avalon_jtag_uart_fd.o)
 .debug_aranges
                0x00000000000000c8       0x20 ../Arbitration_Nios0_APP_bsp/\libhal_bsp.a(altera_avalon_jtag_uart_read.o)
 .debug_aranges
                0x00000000000000e8       0x20 ../Arbitration_Nios0_APP_bsp/\libhal_bsp.a(altera_avalon_jtag_uart_write.o)
 .debug_aranges
                0x0000000000000108       0x20 ../Arbitration_Nios0_APP_bsp/\libhal_bsp.a(alt_close.o)
 .debug_aranges
                0x0000000000000128       0x20 ../Arbitration_Nios0_APP_bsp/\libhal_bsp.a(alt_dcache_flush_all.o)
 .debug_aranges
                0x0000000000000148       0x20 ../Arbitration_Nios0_APP_bsp/\libhal_bsp.a(alt_dev.o)
 .debug_aranges
                0x0000000000000168       0x20 ../Arbitration_Nios0_APP_bsp/\libhal_bsp.a(alt_dev_llist_insert.o)
 .debug_aranges
                0x0000000000000188       0x20 ../Arbitration_Nios0_APP_bsp/\libhal_bsp.a(alt_do_ctors.o)
 .debug_aranges
                0x00000000000001a8       0x20 ../Arbitration_Nios0_APP_bsp/\libhal_bsp.a(alt_do_dtors.o)
 .debug_aranges
                0x00000000000001c8       0x18 ../Arbitration_Nios0_APP_bsp/\libhal_bsp.a(alt_errno.o)
 .debug_aranges
                0x00000000000001e0       0x20 ../Arbitration_Nios0_APP_bsp/\libhal_bsp.a(alt_icache_flush_all.o)
 .debug_aranges
                0x0000000000000200       0x20 ../Arbitration_Nios0_APP_bsp/\libhal_bsp.a(alt_io_redirect.o)
 .debug_aranges
                0x0000000000000220       0x20 ../Arbitration_Nios0_APP_bsp/\libhal_bsp.a(alt_open.o)
 .debug_aranges
                0x0000000000000240       0x20 ../Arbitration_Nios0_APP_bsp/\libhal_bsp.a(alt_release_fd.o)
 .debug_aranges
                0x0000000000000260       0x20 ../Arbitration_Nios0_APP_bsp/\libhal_bsp.a(altera_nios2_gen2_irq.o)
 .debug_aranges
                0x0000000000000280       0x20 ../Arbitration_Nios0_APP_bsp/\libhal_bsp.a(alt_find_dev.o)
 .debug_aranges
                0x00000000000002a0       0x20 ../Arbitration_Nios0_APP_bsp/\libhal_bsp.a(alt_find_file.o)
 .debug_aranges
                0x00000000000002c0       0x20 ../Arbitration_Nios0_APP_bsp/\libhal_bsp.a(alt_get_fd.o)
 .debug_aranges
                0x00000000000002e0       0x20 c:/intelfpga_lite/18.1/nios2eds/bin/gnu/h-x86_64-mingw32/bin/../lib/gcc/nios2-elf/5.3.0/../../../../../H-x86_64-mingw32/nios2-elf/lib/mno-hw-mul\libsmallc.a(lib_a-atexit.o)
 .debug_aranges
                0x0000000000000300       0x20 c:/intelfpga_lite/18.1/nios2eds/bin/gnu/h-x86_64-mingw32/bin/../lib/gcc/nios2-elf/5.3.0/../../../../../H-x86_64-mingw32/nios2-elf/lib/mno-hw-mul\libsmallc.a(lib_a-exit.o)
 .debug_aranges
                0x0000000000000320       0x18 c:/intelfpga_lite/18.1/nios2eds/bin/gnu/h-x86_64-mingw32/bin/../lib/gcc/nios2-elf/5.3.0/../../../../../H-x86_64-mingw32/nios2-elf/lib/mno-hw-mul\libsmallc.a(lib_a-int_errno.o)
 .debug_aranges
                0x0000000000000338       0x20 c:/intelfpga_lite/18.1/nios2eds/bin/gnu/h-x86_64-mingw32/bin/../lib/gcc/nios2-elf/5.3.0/../../../../../H-x86_64-mingw32/nios2-elf/lib/mno-hw-mul\libsmallc.a(lib_a-memcmp.o)
 .debug_aranges
                0x0000000000000358       0x20 c:/intelfpga_lite/18.1/nios2eds/bin/gnu/h-x86_64-mingw32/bin/../lib/gcc/nios2-elf/5.3.0/../../../../../H-x86_64-mingw32/nios2-elf/lib/mno-hw-mul\libsmallc.a(lib_a-strlen.o)
 .debug_aranges
                0x0000000000000378       0x20 c:/intelfpga_lite/18.1/nios2eds/bin/gnu/h-x86_64-mingw32/bin/../lib/gcc/nios2-elf/5.3.0/../../../../../H-x86_64-mingw32/nios2-elf/lib/mno-hw-mul\libsmallc.a(lib_a-__atexit.o)
 .debug_aranges
                0x0000000000000398       0x20 c:/intelfpga_lite/18.1/nios2eds/bin/gnu/h-x86_64-mingw32/bin/../lib/gcc/nios2-elf/5.3.0/../../../../../H-x86_64-mingw32/nios2-elf/lib/mno-hw-mul\libsmallc.a(lib_a-__call_atexit.o)
 .debug_aranges
                0x00000000000003b8       0x18 c:/intelfpga_lite/18.1/nios2eds/bin/gnu/h-x86_64-mingw32/bin/../lib/gcc/nios2-elf/5.3.0/../../../../../H-x86_64-mingw32/nios2-elf/lib/mno-hw-mul\libsmallc.a(lib_a-impure.o)
 .debug_aranges
                0x00000000000003d0       0x20 c:/intelfpga_lite/18.1/nios2eds/bin/gnu/h-x86_64-mingw32/bin/../lib/gcc/nios2-elf/5.3.0/mno-hw-mul\libgcc.a(lib2-mul.o)
 .debug_aranges
                0x00000000000003f0       0x20 ../Arbitration_Nios0_APP_bsp/\libhal_bsp.a(alt_exit.o)

.debug_pubnames
 *(.debug_pubnames)

.debug_info     0x0000000000000000     0x480c
 *(.debug_info .gnu.linkonce.wi.*)
 .debug_info    0x0000000000000000       0x92 ../Arbitration_Nios0_APP_bsp//obj/HAL/src/crt0.o
 .debug_info    0x0000000000000092      0x15e obj/default/arbitration_nios0.o
 .debug_info    0x00000000000001f0      0x145 ../Arbitration_Nios0_APP_bsp/\libhal_bsp.a(alt_load.o)
 .debug_info    0x0000000000000335      0x131 ../Arbitration_Nios0_APP_bsp/\libhal_bsp.a(alt_main.o)
 .debug_info    0x0000000000000466      0x3c9 ../Arbitration_Nios0_APP_bsp/\libhal_bsp.a(alt_sys_init.o)
 .debug_info    0x000000000000082f      0x3a7 ../Arbitration_Nios0_APP_bsp/\libhal_bsp.a(altera_avalon_jtag_uart_fd.o)
 .debug_info    0x0000000000000bd6      0x1b2 ../Arbitration_Nios0_APP_bsp/\libhal_bsp.a(altera_avalon_jtag_uart_read.o)
 .debug_info    0x0000000000000d88      0x195 ../Arbitration_Nios0_APP_bsp/\libhal_bsp.a(altera_avalon_jtag_uart_write.o)
 .debug_info    0x0000000000000f1d      0x321 ../Arbitration_Nios0_APP_bsp/\libhal_bsp.a(alt_close.o)
 .debug_info    0x000000000000123e       0x92 ../Arbitration_Nios0_APP_bsp/\libhal_bsp.a(alt_dcache_flush_all.o)
 .debug_info    0x00000000000012d0      0x49c ../Arbitration_Nios0_APP_bsp/\libhal_bsp.a(alt_dev.o)
 .debug_info    0x000000000000176c      0x1a9 ../Arbitration_Nios0_APP_bsp/\libhal_bsp.a(alt_dev_llist_insert.o)
 .debug_info    0x0000000000001915       0x83 ../Arbitration_Nios0_APP_bsp/\libhal_bsp.a(alt_do_ctors.o)
 .debug_info    0x0000000000001998       0x83 ../Arbitration_Nios0_APP_bsp/\libhal_bsp.a(alt_do_dtors.o)
 .debug_info    0x0000000000001a1b       0xa6 ../Arbitration_Nios0_APP_bsp/\libhal_bsp.a(alt_errno.o)
 .debug_info    0x0000000000001ac1       0x92 ../Arbitration_Nios0_APP_bsp/\libhal_bsp.a(alt_icache_flush_all.o)
 .debug_info    0x0000000000001b53      0x4a5 ../Arbitration_Nios0_APP_bsp/\libhal_bsp.a(alt_io_redirect.o)
 .debug_info    0x0000000000001ff8      0x3bb ../Arbitration_Nios0_APP_bsp/\libhal_bsp.a(alt_open.o)
 .debug_info    0x00000000000023b3      0x2b0 ../Arbitration_Nios0_APP_bsp/\libhal_bsp.a(alt_release_fd.o)
 .debug_info    0x0000000000002663       0x92 ../Arbitration_Nios0_APP_bsp/\libhal_bsp.a(altera_nios2_gen2_irq.o)
 .debug_info    0x00000000000026f5      0x2e9 ../Arbitration_Nios0_APP_bsp/\libhal_bsp.a(alt_find_dev.o)
 .debug_info    0x00000000000029de      0x2e6 ../Arbitration_Nios0_APP_bsp/\libhal_bsp.a(alt_find_file.o)
 .debug_info    0x0000000000002cc4      0x310 ../Arbitration_Nios0_APP_bsp/\libhal_bsp.a(alt_get_fd.o)
 .debug_info    0x0000000000002fd4       0xfe c:/intelfpga_lite/18.1/nios2eds/bin/gnu/h-x86_64-mingw32/bin/../lib/gcc/nios2-elf/5.3.0/../../../../../H-x86_64-mingw32/nios2-elf/lib/mno-hw-mul\libsmallc.a(lib_a-atexit.o)
 .debug_info    0x00000000000030d2       0xe5 c:/intelfpga_lite/18.1/nios2eds/bin/gnu/h-x86_64-mingw32/bin/../lib/gcc/nios2-elf/5.3.0/../../../../../H-x86_64-mingw32/nios2-elf/lib/mno-hw-mul\libsmallc.a(lib_a-exit.o)
 .debug_info    0x00000000000031b7       0x8a c:/intelfpga_lite/18.1/nios2eds/bin/gnu/h-x86_64-mingw32/bin/../lib/gcc/nios2-elf/5.3.0/../../../../../H-x86_64-mingw32/nios2-elf/lib/mno-hw-mul\libsmallc.a(lib_a-int_errno.o)
 .debug_info    0x0000000000003241       0xf4 c:/intelfpga_lite/18.1/nios2eds/bin/gnu/h-x86_64-mingw32/bin/../lib/gcc/nios2-elf/5.3.0/../../../../../H-x86_64-mingw32/nios2-elf/lib/mno-hw-mul\libsmallc.a(lib_a-memcmp.o)
 .debug_info    0x0000000000003335       0xc9 c:/intelfpga_lite/18.1/nios2eds/bin/gnu/h-x86_64-mingw32/bin/../lib/gcc/nios2-elf/5.3.0/../../../../../H-x86_64-mingw32/nios2-elf/lib/mno-hw-mul\libsmallc.a(lib_a-strlen.o)
 .debug_info    0x00000000000033fe      0x64a c:/intelfpga_lite/18.1/nios2eds/bin/gnu/h-x86_64-mingw32/bin/../lib/gcc/nios2-elf/5.3.0/../../../../../H-x86_64-mingw32/nios2-elf/lib/mno-hw-mul\libsmallc.a(lib_a-__atexit.o)
 .debug_info    0x0000000000003a48      0x67b c:/intelfpga_lite/18.1/nios2eds/bin/gnu/h-x86_64-mingw32/bin/../lib/gcc/nios2-elf/5.3.0/../../../../../H-x86_64-mingw32/nios2-elf/lib/mno-hw-mul\libsmallc.a(lib_a-__call_atexit.o)
 .debug_info    0x00000000000040c3      0x5a9 c:/intelfpga_lite/18.1/nios2eds/bin/gnu/h-x86_64-mingw32/bin/../lib/gcc/nios2-elf/5.3.0/../../../../../H-x86_64-mingw32/nios2-elf/lib/mno-hw-mul\libsmallc.a(lib_a-impure.o)
 .debug_info    0x000000000000466c       0xb4 c:/intelfpga_lite/18.1/nios2eds/bin/gnu/h-x86_64-mingw32/bin/../lib/gcc/nios2-elf/5.3.0/mno-hw-mul\libgcc.a(lib2-mul.o)
 .debug_info    0x0000000000004720       0xec ../Arbitration_Nios0_APP_bsp/\libhal_bsp.a(alt_exit.o)

.debug_abbrev   0x0000000000000000     0x1a04
 *(.debug_abbrev)
 .debug_abbrev  0x0000000000000000       0x12 ../Arbitration_Nios0_APP_bsp//obj/HAL/src/crt0.o
 .debug_abbrev  0x0000000000000012       0xb4 obj/default/arbitration_nios0.o
 .debug_abbrev  0x00000000000000c6       0x9f ../Arbitration_Nios0_APP_bsp/\libhal_bsp.a(alt_load.o)
 .debug_abbrev  0x0000000000000165       0xba ../Arbitration_Nios0_APP_bsp/\libhal_bsp.a(alt_main.o)
 .debug_abbrev  0x000000000000021f      0x157 ../Arbitration_Nios0_APP_bsp/\libhal_bsp.a(alt_sys_init.o)
 .debug_abbrev  0x0000000000000376       0xf7 ../Arbitration_Nios0_APP_bsp/\libhal_bsp.a(altera_avalon_jtag_uart_fd.o)
 .debug_abbrev  0x000000000000046d       0xd5 ../Arbitration_Nios0_APP_bsp/\libhal_bsp.a(altera_avalon_jtag_uart_read.o)
 .debug_abbrev  0x0000000000000542       0xd5 ../Arbitration_Nios0_APP_bsp/\libhal_bsp.a(altera_avalon_jtag_uart_write.o)
 .debug_abbrev  0x0000000000000617      0x11f ../Arbitration_Nios0_APP_bsp/\libhal_bsp.a(alt_close.o)
 .debug_abbrev  0x0000000000000736       0x42 ../Arbitration_Nios0_APP_bsp/\libhal_bsp.a(alt_dcache_flush_all.o)
 .debug_abbrev  0x0000000000000778       0xd9 ../Arbitration_Nios0_APP_bsp/\libhal_bsp.a(alt_dev.o)
 .debug_abbrev  0x0000000000000851      0x114 ../Arbitration_Nios0_APP_bsp/\libhal_bsp.a(alt_dev_llist_insert.o)
 .debug_abbrev  0x0000000000000965       0x79 ../Arbitration_Nios0_APP_bsp/\libhal_bsp.a(alt_do_ctors.o)
 .debug_abbrev  0x00000000000009de       0x79 ../Arbitration_Nios0_APP_bsp/\libhal_bsp.a(alt_do_dtors.o)
 .debug_abbrev  0x0000000000000a57       0x5a ../Arbitration_Nios0_APP_bsp/\libhal_bsp.a(alt_errno.o)
 .debug_abbrev  0x0000000000000ab1       0x42 ../Arbitration_Nios0_APP_bsp/\libhal_bsp.a(alt_icache_flush_all.o)
 .debug_abbrev  0x0000000000000af3      0x114 ../Arbitration_Nios0_APP_bsp/\libhal_bsp.a(alt_io_redirect.o)
 .debug_abbrev  0x0000000000000c07      0x148 ../Arbitration_Nios0_APP_bsp/\libhal_bsp.a(alt_open.o)
 .debug_abbrev  0x0000000000000d4f       0xde ../Arbitration_Nios0_APP_bsp/\libhal_bsp.a(alt_release_fd.o)
 .debug_abbrev  0x0000000000000e2d       0x42 ../Arbitration_Nios0_APP_bsp/\libhal_bsp.a(altera_nios2_gen2_irq.o)
 .debug_abbrev  0x0000000000000e6f       0xf0 ../Arbitration_Nios0_APP_bsp/\libhal_bsp.a(alt_find_dev.o)
 .debug_abbrev  0x0000000000000f5f       0xf0 ../Arbitration_Nios0_APP_bsp/\libhal_bsp.a(alt_find_file.o)
 .debug_abbrev  0x000000000000104f      0x10d ../Arbitration_Nios0_APP_bsp/\libhal_bsp.a(alt_get_fd.o)
 .debug_abbrev  0x000000000000115c       0xaa c:/intelfpga_lite/18.1/nios2eds/bin/gnu/h-x86_64-mingw32/bin/../lib/gcc/nios2-elf/5.3.0/../../../../../H-x86_64-mingw32/nios2-elf/lib/mno-hw-mul\libsmallc.a(lib_a-atexit.o)
 .debug_abbrev  0x0000000000001206       0x8b c:/intelfpga_lite/18.1/nios2eds/bin/gnu/h-x86_64-mingw32/bin/../lib/gcc/nios2-elf/5.3.0/../../../../../H-x86_64-mingw32/nios2-elf/lib/mno-hw-mul\libsmallc.a(lib_a-exit.o)
 .debug_abbrev  0x0000000000001291       0x37 c:/intelfpga_lite/18.1/nios2eds/bin/gnu/h-x86_64-mingw32/bin/../lib/gcc/nios2-elf/5.3.0/../../../../../H-x86_64-mingw32/nios2-elf/lib/mno-hw-mul\libsmallc.a(lib_a-int_errno.o)
 .debug_abbrev  0x00000000000012c8       0x7f c:/intelfpga_lite/18.1/nios2eds/bin/gnu/h-x86_64-mingw32/bin/../lib/gcc/nios2-elf/5.3.0/../../../../../H-x86_64-mingw32/nios2-elf/lib/mno-hw-mul\libsmallc.a(lib_a-memcmp.o)
 .debug_abbrev  0x0000000000001347       0x7f c:/intelfpga_lite/18.1/nios2eds/bin/gnu/h-x86_64-mingw32/bin/../lib/gcc/nios2-elf/5.3.0/../../../../../H-x86_64-mingw32/nios2-elf/lib/mno-hw-mul\libsmallc.a(lib_a-strlen.o)
 .debug_abbrev  0x00000000000013c6      0x1e6 c:/intelfpga_lite/18.1/nios2eds/bin/gnu/h-x86_64-mingw32/bin/../lib/gcc/nios2-elf/5.3.0/../../../../../H-x86_64-mingw32/nios2-elf/lib/mno-hw-mul\libsmallc.a(lib_a-__atexit.o)
 .debug_abbrev  0x00000000000015ac      0x1f6 c:/intelfpga_lite/18.1/nios2eds/bin/gnu/h-x86_64-mingw32/bin/../lib/gcc/nios2-elf/5.3.0/../../../../../H-x86_64-mingw32/nios2-elf/lib/mno-hw-mul\libsmallc.a(lib_a-__call_atexit.o)
 .debug_abbrev  0x00000000000017a2      0x14a c:/intelfpga_lite/18.1/nios2eds/bin/gnu/h-x86_64-mingw32/bin/../lib/gcc/nios2-elf/5.3.0/../../../../../H-x86_64-mingw32/nios2-elf/lib/mno-hw-mul\libsmallc.a(lib_a-impure.o)
 .debug_abbrev  0x00000000000018ec       0x6f c:/intelfpga_lite/18.1/nios2eds/bin/gnu/h-x86_64-mingw32/bin/../lib/gcc/nios2-elf/5.3.0/mno-hw-mul\libgcc.a(lib2-mul.o)
 .debug_abbrev  0x000000000000195b       0xa9 ../Arbitration_Nios0_APP_bsp/\libhal_bsp.a(alt_exit.o)

.debug_line     0x0000000000000000     0x1c99
 *(.debug_line)
 .debug_line    0x0000000000000000       0x66 ../Arbitration_Nios0_APP_bsp//obj/HAL/src/crt0.o
 .debug_line    0x0000000000000066       0x69 obj/default/arbitration_nios0.o
 .debug_line    0x00000000000000cf       0x8e ../Arbitration_Nios0_APP_bsp/\libhal_bsp.a(alt_load.o)
 .debug_line    0x000000000000015d       0xa4 ../Arbitration_Nios0_APP_bsp/\libhal_bsp.a(alt_main.o)
 .debug_line    0x0000000000000201      0x127 ../Arbitration_Nios0_APP_bsp/\libhal_bsp.a(alt_sys_init.o)
 .debug_line    0x0000000000000328      0x112 ../Arbitration_Nios0_APP_bsp/\libhal_bsp.a(altera_avalon_jtag_uart_fd.o)
 .debug_line    0x000000000000043a       0xfd ../Arbitration_Nios0_APP_bsp/\libhal_bsp.a(altera_avalon_jtag_uart_read.o)
 .debug_line    0x0000000000000537       0xf4 ../Arbitration_Nios0_APP_bsp/\libhal_bsp.a(altera_avalon_jtag_uart_write.o)
 .debug_line    0x000000000000062b      0x165 ../Arbitration_Nios0_APP_bsp/\libhal_bsp.a(alt_close.o)
 .debug_line    0x0000000000000790       0x51 ../Arbitration_Nios0_APP_bsp/\libhal_bsp.a(alt_dcache_flush_all.o)
 .debug_line    0x00000000000007e1       0xf8 ../Arbitration_Nios0_APP_bsp/\libhal_bsp.a(alt_dev.o)
 .debug_line    0x00000000000008d9       0xcf ../Arbitration_Nios0_APP_bsp/\libhal_bsp.a(alt_dev_llist_insert.o)
 .debug_line    0x00000000000009a8       0x59 ../Arbitration_Nios0_APP_bsp/\libhal_bsp.a(alt_do_ctors.o)
 .debug_line    0x0000000000000a01       0x59 ../Arbitration_Nios0_APP_bsp/\libhal_bsp.a(alt_do_dtors.o)
 .debug_line    0x0000000000000a5a       0x51 ../Arbitration_Nios0_APP_bsp/\libhal_bsp.a(alt_errno.o)
 .debug_line    0x0000000000000aab       0x4f ../Arbitration_Nios0_APP_bsp/\libhal_bsp.a(alt_icache_flush_all.o)
 .debug_line    0x0000000000000afa      0x135 ../Arbitration_Nios0_APP_bsp/\libhal_bsp.a(alt_io_redirect.o)
 .debug_line    0x0000000000000c2f      0x12b ../Arbitration_Nios0_APP_bsp/\libhal_bsp.a(alt_open.o)
 .debug_line    0x0000000000000d5a       0xb0 ../Arbitration_Nios0_APP_bsp/\libhal_bsp.a(alt_release_fd.o)
 .debug_line    0x0000000000000e0a       0x51 ../Arbitration_Nios0_APP_bsp/\libhal_bsp.a(altera_nios2_gen2_irq.o)
 .debug_line    0x0000000000000e5b       0xb5 ../Arbitration_Nios0_APP_bsp/\libhal_bsp.a(alt_find_dev.o)
 .debug_line    0x0000000000000f10       0xd1 ../Arbitration_Nios0_APP_bsp/\libhal_bsp.a(alt_find_file.o)
 .debug_line    0x0000000000000fe1       0xd7 ../Arbitration_Nios0_APP_bsp/\libhal_bsp.a(alt_get_fd.o)
 .debug_line    0x00000000000010b8       0xe7 c:/intelfpga_lite/18.1/nios2eds/bin/gnu/h-x86_64-mingw32/bin/../lib/gcc/nios2-elf/5.3.0/../../../../../H-x86_64-mingw32/nios2-elf/lib/mno-hw-mul\libsmallc.a(lib_a-atexit.o)
 .debug_line    0x000000000000119f      0x159 c:/intelfpga_lite/18.1/nios2eds/bin/gnu/h-x86_64-mingw32/bin/../lib/gcc/nios2-elf/5.3.0/../../../../../H-x86_64-mingw32/nios2-elf/lib/mno-hw-mul\libsmallc.a(lib_a-exit.o)
 .debug_line    0x00000000000012f8       0x5f c:/intelfpga_lite/18.1/nios2eds/bin/gnu/h-x86_64-mingw32/bin/../lib/gcc/nios2-elf/5.3.0/../../../../../H-x86_64-mingw32/nios2-elf/lib/mno-hw-mul\libsmallc.a(lib_a-int_errno.o)
 .debug_line    0x0000000000001357      0x160 c:/intelfpga_lite/18.1/nios2eds/bin/gnu/h-x86_64-mingw32/bin/../lib/gcc/nios2-elf/5.3.0/../../../../../H-x86_64-mingw32/nios2-elf/lib/mno-hw-mul\libsmallc.a(lib_a-memcmp.o)
 .debug_line    0x00000000000014b7      0x15c c:/intelfpga_lite/18.1/nios2eds/bin/gnu/h-x86_64-mingw32/bin/../lib/gcc/nios2-elf/5.3.0/../../../../../H-x86_64-mingw32/nios2-elf/lib/mno-hw-mul\libsmallc.a(lib_a-strlen.o)
 .debug_line    0x0000000000001613      0x20d c:/intelfpga_lite/18.1/nios2eds/bin/gnu/h-x86_64-mingw32/bin/../lib/gcc/nios2-elf/5.3.0/../../../../../H-x86_64-mingw32/nios2-elf/lib/mno-hw-mul\libsmallc.a(lib_a-__atexit.o)
 .debug_line    0x0000000000001820      0x232 c:/intelfpga_lite/18.1/nios2eds/bin/gnu/h-x86_64-mingw32/bin/../lib/gcc/nios2-elf/5.3.0/../../../../../H-x86_64-mingw32/nios2-elf/lib/mno-hw-mul\libsmallc.a(lib_a-__call_atexit.o)
 .debug_line    0x0000000000001a52      0x156 c:/intelfpga_lite/18.1/nios2eds/bin/gnu/h-x86_64-mingw32/bin/../lib/gcc/nios2-elf/5.3.0/../../../../../H-x86_64-mingw32/nios2-elf/lib/mno-hw-mul\libsmallc.a(lib_a-impure.o)
 .debug_line    0x0000000000001ba8       0x80 c:/intelfpga_lite/18.1/nios2eds/bin/gnu/h-x86_64-mingw32/bin/../lib/gcc/nios2-elf/5.3.0/mno-hw-mul\libgcc.a(lib2-mul.o)
 .debug_line    0x0000000000001c28       0x71 ../Arbitration_Nios0_APP_bsp/\libhal_bsp.a(alt_exit.o)

.debug_frame    0x0000000000000000      0x770
 *(.debug_frame)
 .debug_frame   0x0000000000000000       0x50 obj/default/arbitration_nios0.o
 .debug_frame   0x0000000000000050       0x5c ../Arbitration_Nios0_APP_bsp/\libhal_bsp.a(alt_load.o)
 .debug_frame   0x00000000000000ac       0x2c ../Arbitration_Nios0_APP_bsp/\libhal_bsp.a(alt_main.o)
 .debug_frame   0x00000000000000d8       0x88 ../Arbitration_Nios0_APP_bsp/\libhal_bsp.a(alt_sys_init.o)
 .debug_frame   0x0000000000000160       0x60 ../Arbitration_Nios0_APP_bsp/\libhal_bsp.a(altera_avalon_jtag_uart_fd.o)
 .debug_frame   0x00000000000001c0       0x34 ../Arbitration_Nios0_APP_bsp/\libhal_bsp.a(altera_avalon_jtag_uart_read.o)
 .debug_frame   0x00000000000001f4       0x34 ../Arbitration_Nios0_APP_bsp/\libhal_bsp.a(altera_avalon_jtag_uart_write.o)
 .debug_frame   0x0000000000000228       0x60 ../Arbitration_Nios0_APP_bsp/\libhal_bsp.a(alt_close.o)
 .debug_frame   0x0000000000000288       0x34 ../Arbitration_Nios0_APP_bsp/\libhal_bsp.a(alt_dcache_flush_all.o)
 .debug_frame   0x00000000000002bc       0x34 ../Arbitration_Nios0_APP_bsp/\libhal_bsp.a(alt_dev.o)
 .debug_frame   0x00000000000002f0       0x60 ../Arbitration_Nios0_APP_bsp/\libhal_bsp.a(alt_dev_llist_insert.o)
 .debug_frame   0x0000000000000350       0x38 ../Arbitration_Nios0_APP_bsp/\libhal_bsp.a(alt_do_ctors.o)
 .debug_frame   0x0000000000000388       0x38 ../Arbitration_Nios0_APP_bsp/\libhal_bsp.a(alt_do_dtors.o)
 .debug_frame   0x00000000000003c0       0x34 ../Arbitration_Nios0_APP_bsp/\libhal_bsp.a(alt_icache_flush_all.o)
 .debug_frame   0x00000000000003f4       0x64 ../Arbitration_Nios0_APP_bsp/\libhal_bsp.a(alt_io_redirect.o)
 .debug_frame   0x0000000000000458       0x8c ../Arbitration_Nios0_APP_bsp/\libhal_bsp.a(alt_open.o)
 .debug_frame   0x00000000000004e4       0x3c ../Arbitration_Nios0_APP_bsp/\libhal_bsp.a(alt_release_fd.o)
 .debug_frame   0x0000000000000520       0x34 ../Arbitration_Nios0_APP_bsp/\libhal_bsp.a(altera_nios2_gen2_irq.o)
 .debug_frame   0x0000000000000554       0x38 ../Arbitration_Nios0_APP_bsp/\libhal_bsp.a(alt_find_dev.o)
 .debug_frame   0x000000000000058c       0x38 ../Arbitration_Nios0_APP_bsp/\libhal_bsp.a(alt_find_file.o)
 .debug_frame   0x00000000000005c4       0x3c ../Arbitration_Nios0_APP_bsp/\libhal_bsp.a(alt_get_fd.o)
 .debug_frame   0x0000000000000600       0x20 c:/intelfpga_lite/18.1/nios2eds/bin/gnu/h-x86_64-mingw32/bin/../lib/gcc/nios2-elf/5.3.0/../../../../../H-x86_64-mingw32/nios2-elf/lib/mno-hw-mul\libsmallc.a(lib_a-atexit.o)
 .debug_frame   0x0000000000000620       0x28 c:/intelfpga_lite/18.1/nios2eds/bin/gnu/h-x86_64-mingw32/bin/../lib/gcc/nios2-elf/5.3.0/../../../../../H-x86_64-mingw32/nios2-elf/lib/mno-hw-mul\libsmallc.a(lib_a-exit.o)
 .debug_frame   0x0000000000000648       0x20 c:/intelfpga_lite/18.1/nios2eds/bin/gnu/h-x86_64-mingw32/bin/../lib/gcc/nios2-elf/5.3.0/../../../../../H-x86_64-mingw32/nios2-elf/lib/mno-hw-mul\libsmallc.a(lib_a-memcmp.o)
 .debug_frame   0x0000000000000668       0x20 c:/intelfpga_lite/18.1/nios2eds/bin/gnu/h-x86_64-mingw32/bin/../lib/gcc/nios2-elf/5.3.0/../../../../../H-x86_64-mingw32/nios2-elf/lib/mno-hw-mul\libsmallc.a(lib_a-strlen.o)
 .debug_frame   0x0000000000000688       0x48 c:/intelfpga_lite/18.1/nios2eds/bin/gnu/h-x86_64-mingw32/bin/../lib/gcc/nios2-elf/5.3.0/../../../../../H-x86_64-mingw32/nios2-elf/lib/mno-hw-mul\libsmallc.a(lib_a-__atexit.o)
 .debug_frame   0x00000000000006d0       0x54 c:/intelfpga_lite/18.1/nios2eds/bin/gnu/h-x86_64-mingw32/bin/../lib/gcc/nios2-elf/5.3.0/../../../../../H-x86_64-mingw32/nios2-elf/lib/mno-hw-mul\libsmallc.a(lib_a-__call_atexit.o)
 .debug_frame   0x0000000000000724       0x20 c:/intelfpga_lite/18.1/nios2eds/bin/gnu/h-x86_64-mingw32/bin/../lib/gcc/nios2-elf/5.3.0/mno-hw-mul\libgcc.a(lib2-mul.o)
 .debug_frame   0x0000000000000744       0x2c ../Arbitration_Nios0_APP_bsp/\libhal_bsp.a(alt_exit.o)

.debug_str      0x0000000000000000     0x1286
 *(.debug_str)
 .debug_str     0x0000000000000000      0x171 obj/default/arbitration_nios0.o
                                        0x1b5 (size before relaxing)
 .debug_str     0x0000000000000171      0x14f ../Arbitration_Nios0_APP_bsp/\libhal_bsp.a(alt_load.o)
                                        0x236 (size before relaxing)
 .debug_str     0x00000000000002c0       0x70 ../Arbitration_Nios0_APP_bsp/\libhal_bsp.a(alt_main.o)
                                        0x1c1 (size before relaxing)
 .debug_str     0x0000000000000330      0x15e ../Arbitration_Nios0_APP_bsp/\libhal_bsp.a(alt_sys_init.o)
                                        0x2f8 (size before relaxing)
 .debug_str     0x000000000000048e       0x71 ../Arbitration_Nios0_APP_bsp/\libhal_bsp.a(altera_avalon_jtag_uart_fd.o)
                                        0x2f9 (size before relaxing)
 .debug_str     0x00000000000004ff       0x48 ../Arbitration_Nios0_APP_bsp/\libhal_bsp.a(altera_avalon_jtag_uart_read.o)
                                        0x243 (size before relaxing)
 .debug_str     0x0000000000000547       0x4a ../Arbitration_Nios0_APP_bsp/\libhal_bsp.a(altera_avalon_jtag_uart_write.o)
                                        0x239 (size before relaxing)
 .debug_str     0x0000000000000591       0x44 ../Arbitration_Nios0_APP_bsp/\libhal_bsp.a(alt_close.o)
                                        0x22f (size before relaxing)
 .debug_str     0x00000000000005d5       0x34 ../Arbitration_Nios0_APP_bsp/\libhal_bsp.a(alt_dcache_flush_all.o)
                                        0x179 (size before relaxing)
 .debug_str     0x0000000000000609      0x120 ../Arbitration_Nios0_APP_bsp/\libhal_bsp.a(alt_dev.o)
                                        0x329 (size before relaxing)
 .debug_str     0x0000000000000729       0x4b ../Arbitration_Nios0_APP_bsp/\libhal_bsp.a(alt_dev_llist_insert.o)
                                        0x1f0 (size before relaxing)
 .debug_str     0x0000000000000774       0x48 ../Arbitration_Nios0_APP_bsp/\libhal_bsp.a(alt_do_ctors.o)
                                         0xf4 (size before relaxing)
 .debug_str     0x00000000000007bc       0x4c ../Arbitration_Nios0_APP_bsp/\libhal_bsp.a(alt_do_dtors.o)
                                         0xf3 (size before relaxing)
 .debug_str     0x0000000000000808       0x14 ../Arbitration_Nios0_APP_bsp/\libhal_bsp.a(alt_errno.o)
                                        0x169 (size before relaxing)
 .debug_str     0x000000000000081c       0x34 ../Arbitration_Nios0_APP_bsp/\libhal_bsp.a(alt_icache_flush_all.o)
                                        0x179 (size before relaxing)
 .debug_str     0x0000000000000850       0x56 ../Arbitration_Nios0_APP_bsp/\libhal_bsp.a(alt_io_redirect.o)
                                        0x33a (size before relaxing)
 .debug_str     0x00000000000008a6       0x36 ../Arbitration_Nios0_APP_bsp/\libhal_bsp.a(alt_open.o)
                                        0x26f (size before relaxing)
 .debug_str     0x00000000000008dc       0x28 ../Arbitration_Nios0_APP_bsp/\libhal_bsp.a(alt_release_fd.o)
                                        0x1f7 (size before relaxing)
 .debug_str     0x0000000000000904       0x3b ../Arbitration_Nios0_APP_bsp/\libhal_bsp.a(altera_nios2_gen2_irq.o)
                                        0x180 (size before relaxing)
 .debug_str     0x000000000000093f       0x24 ../Arbitration_Nios0_APP_bsp/\libhal_bsp.a(alt_find_dev.o)
                                        0x210 (size before relaxing)
 .debug_str     0x0000000000000963       0x26 ../Arbitration_Nios0_APP_bsp/\libhal_bsp.a(alt_find_file.o)
                                        0x21e (size before relaxing)
 .debug_str     0x0000000000000989       0x30 ../Arbitration_Nios0_APP_bsp/\libhal_bsp.a(alt_get_fd.o)
                                        0x240 (size before relaxing)
 .debug_str     0x00000000000009b9      0x177 c:/intelfpga_lite/18.1/nios2eds/bin/gnu/h-x86_64-mingw32/bin/../lib/gcc/nios2-elf/5.3.0/../../../../../H-x86_64-mingw32/nios2-elf/lib/mno-hw-mul\libsmallc.a(lib_a-atexit.o)
                                        0x21c (size before relaxing)
 .debug_str     0x0000000000000b30       0x4c c:/intelfpga_lite/18.1/nios2eds/bin/gnu/h-x86_64-mingw32/bin/../lib/gcc/nios2-elf/5.3.0/../../../../../H-x86_64-mingw32/nios2-elf/lib/mno-hw-mul\libsmallc.a(lib_a-exit.o)
                                        0x1f0 (size before relaxing)
 .debug_str     0x0000000000000b7c       0xd3 c:/intelfpga_lite/18.1/nios2eds/bin/gnu/h-x86_64-mingw32/bin/../lib/gcc/nios2-elf/5.3.0/../../../../../H-x86_64-mingw32/nios2-elf/lib/mno-hw-mul\libsmallc.a(lib_a-int_errno.o)
                                        0x1d8 (size before relaxing)
 .debug_str     0x0000000000000c4f       0xe0 c:/intelfpga_lite/18.1/nios2eds/bin/gnu/h-x86_64-mingw32/bin/../lib/gcc/nios2-elf/5.3.0/../../../../../H-x86_64-mingw32/nios2-elf/lib/mno-hw-mul\libsmallc.a(lib_a-memcmp.o)
                                        0x1df (size before relaxing)
 .debug_str     0x0000000000000d2f       0x44 c:/intelfpga_lite/18.1/nios2eds/bin/gnu/h-x86_64-mingw32/bin/../lib/gcc/nios2-elf/5.3.0/../../../../../H-x86_64-mingw32/nios2-elf/lib/mno-hw-mul\libsmallc.a(lib_a-strlen.o)
                                        0x1e5 (size before relaxing)
 .debug_str     0x0000000000000d73      0x2f4 c:/intelfpga_lite/18.1/nios2eds/bin/gnu/h-x86_64-mingw32/bin/../lib/gcc/nios2-elf/5.3.0/../../../../../H-x86_64-mingw32/nios2-elf/lib/mno-hw-mul\libsmallc.a(lib_a-__atexit.o)
                                        0x4ff (size before relaxing)
 .debug_str     0x0000000000001067       0x65 c:/intelfpga_lite/18.1/nios2eds/bin/gnu/h-x86_64-mingw32/bin/../lib/gcc/nios2-elf/5.3.0/../../../../../H-x86_64-mingw32/nios2-elf/lib/mno-hw-mul\libsmallc.a(lib_a-__call_atexit.o)
                                        0x4eb (size before relaxing)
 .debug_str     0x00000000000010cc       0x48 c:/intelfpga_lite/18.1/nios2eds/bin/gnu/h-x86_64-mingw32/bin/../lib/gcc/nios2-elf/5.3.0/../../../../../H-x86_64-mingw32/nios2-elf/lib/mno-hw-mul\libsmallc.a(lib_a-impure.o)
                                        0x4be (size before relaxing)
 .debug_str     0x0000000000001114      0x148 c:/intelfpga_lite/18.1/nios2eds/bin/gnu/h-x86_64-mingw32/bin/../lib/gcc/nios2-elf/5.3.0/mno-hw-mul\libgcc.a(lib2-mul.o)
                                        0x193 (size before relaxing)
 .debug_str     0x000000000000125c       0x2a ../Arbitration_Nios0_APP_bsp/\libhal_bsp.a(alt_exit.o)
                                        0x175 (size before relaxing)

.debug_loc      0x0000000000000000      0x4a6
 *(.debug_loc)
 .debug_loc     0x0000000000000000       0x2c c:/intelfpga_lite/18.1/nios2eds/bin/gnu/h-x86_64-mingw32/bin/../lib/gcc/nios2-elf/5.3.0/../../../../../H-x86_64-mingw32/nios2-elf/lib/mno-hw-mul\libsmallc.a(lib_a-atexit.o)
 .debug_loc     0x000000000000002c       0x1e c:/intelfpga_lite/18.1/nios2eds/bin/gnu/h-x86_64-mingw32/bin/../lib/gcc/nios2-elf/5.3.0/../../../../../H-x86_64-mingw32/nios2-elf/lib/mno-hw-mul\libsmallc.a(lib_a-exit.o)
 .debug_loc     0x000000000000004a       0x94 c:/intelfpga_lite/18.1/nios2eds/bin/gnu/h-x86_64-mingw32/bin/../lib/gcc/nios2-elf/5.3.0/../../../../../H-x86_64-mingw32/nios2-elf/lib/mno-hw-mul\libsmallc.a(lib_a-memcmp.o)
 .debug_loc     0x00000000000000de       0x1e c:/intelfpga_lite/18.1/nios2eds/bin/gnu/h-x86_64-mingw32/bin/../lib/gcc/nios2-elf/5.3.0/../../../../../H-x86_64-mingw32/nios2-elf/lib/mno-hw-mul\libsmallc.a(lib_a-strlen.o)
 .debug_loc     0x00000000000000fc      0x1c0 c:/intelfpga_lite/18.1/nios2eds/bin/gnu/h-x86_64-mingw32/bin/../lib/gcc/nios2-elf/5.3.0/../../../../../H-x86_64-mingw32/nios2-elf/lib/mno-hw-mul\libsmallc.a(lib_a-__atexit.o)
 .debug_loc     0x00000000000002bc      0x157 c:/intelfpga_lite/18.1/nios2eds/bin/gnu/h-x86_64-mingw32/bin/../lib/gcc/nios2-elf/5.3.0/../../../../../H-x86_64-mingw32/nios2-elf/lib/mno-hw-mul\libsmallc.a(lib_a-__call_atexit.o)
 .debug_loc     0x0000000000000413       0x93 c:/intelfpga_lite/18.1/nios2eds/bin/gnu/h-x86_64-mingw32/bin/../lib/gcc/nios2-elf/5.3.0/mno-hw-mul\libgcc.a(lib2-mul.o)

.debug_macinfo
 *(.debug_macinfo)

.debug_weaknames
 *(.debug_weaknames)

.debug_funcnames
 *(.debug_funcnames)

.debug_typenames
 *(.debug_typenames)

.debug_varnames
 *(.debug_varnames)

.debug_alt_sim_info
                0x0000000000000000       0x10
 *(.debug_alt_sim_info)
 .debug_alt_sim_info
                0x0000000000000000       0x10 ../Arbitration_Nios0_APP_bsp//obj/HAL/src/crt0.o
                0x0000000000008000                __alt_data_end = 0x8000
                0x0000000000008000                PROVIDE (__alt_stack_pointer, __alt_data_end)
                [!provide]                        PROVIDE (__alt_stack_limit, __alt_stack_base)
                [!provide]                        PROVIDE (__alt_heap_start, end)
                [!provide]                        PROVIDE (__alt_heap_limit, 0x8000)
OUTPUT(Arbitration_Nios0_APP.elf elf32-littlenios2)

.debug_ranges   0x0000000000000000       0xb0
 .debug_ranges  0x0000000000000000       0x20 ../Arbitration_Nios0_APP_bsp//obj/HAL/src/crt0.o
 .debug_ranges  0x0000000000000020       0x18 ../Arbitration_Nios0_APP_bsp/\libhal_bsp.a(altera_avalon_jtag_uart_read.o)
 .debug_ranges  0x0000000000000038       0x10 c:/intelfpga_lite/18.1/nios2eds/bin/gnu/h-x86_64-mingw32/bin/../lib/gcc/nios2-elf/5.3.0/../../../../../H-x86_64-mingw32/nios2-elf/lib/mno-hw-mul\libsmallc.a(lib_a-atexit.o)
 .debug_ranges  0x0000000000000048       0x10 c:/intelfpga_lite/18.1/nios2eds/bin/gnu/h-x86_64-mingw32/bin/../lib/gcc/nios2-elf/5.3.0/../../../../../H-x86_64-mingw32/nios2-elf/lib/mno-hw-mul\libsmallc.a(lib_a-exit.o)
 .debug_ranges  0x0000000000000058       0x10 c:/intelfpga_lite/18.1/nios2eds/bin/gnu/h-x86_64-mingw32/bin/../lib/gcc/nios2-elf/5.3.0/../../../../../H-x86_64-mingw32/nios2-elf/lib/mno-hw-mul\libsmallc.a(lib_a-memcmp.o)
 .debug_ranges  0x0000000000000068       0x10 c:/intelfpga_lite/18.1/nios2eds/bin/gnu/h-x86_64-mingw32/bin/../lib/gcc/nios2-elf/5.3.0/../../../../../H-x86_64-mingw32/nios2-elf/lib/mno-hw-mul\libsmallc.a(lib_a-strlen.o)
 .debug_ranges  0x0000000000000078       0x10 c:/intelfpga_lite/18.1/nios2eds/bin/gnu/h-x86_64-mingw32/bin/../lib/gcc/nios2-elf/5.3.0/../../../../../H-x86_64-mingw32/nios2-elf/lib/mno-hw-mul\libsmallc.a(lib_a-__atexit.o)
 .debug_ranges  0x0000000000000088       0x28 c:/intelfpga_lite/18.1/nios2eds/bin/gnu/h-x86_64-mingw32/bin/../lib/gcc/nios2-elf/5.3.0/../../../../../H-x86_64-mingw32/nios2-elf/lib/mno-hw-mul\libsmallc.a(lib_a-__call_atexit.o)
