Archive member included to satisfy reference by file (symbol)

../lab6_part2_APP_bsp/\libhal_bsp.a(alt_load.o)
                              ../lab6_part2_APP_bsp//obj/HAL/src/crt0.o (alt_load)
../lab6_part2_APP_bsp/\libhal_bsp.a(alt_main.o)
                              ../lab6_part2_APP_bsp//obj/HAL/src/crt0.o (alt_main)
../lab6_part2_APP_bsp/\libhal_bsp.a(alt_sys_init.o)
                              ../lab6_part2_APP_bsp/\libhal_bsp.a(alt_main.o) (alt_irq_init)
../lab6_part2_APP_bsp/\libhal_bsp.a(altera_avalon_jtag_uart_fd.o)
                              ../lab6_part2_APP_bsp/\libhal_bsp.a(alt_sys_init.o) (altera_avalon_jtag_uart_read_fd)
../lab6_part2_APP_bsp/\libhal_bsp.a(altera_avalon_jtag_uart_read.o)
                              ../lab6_part2_APP_bsp/\libhal_bsp.a(altera_avalon_jtag_uart_fd.o) (altera_avalon_jtag_uart_read)
../lab6_part2_APP_bsp/\libhal_bsp.a(altera_avalon_jtag_uart_write.o)
                              ../lab6_part2_APP_bsp/\libhal_bsp.a(altera_avalon_jtag_uart_fd.o) (altera_avalon_jtag_uart_write)
../lab6_part2_APP_bsp/\libhal_bsp.a(alt_close.o)
                              ../lab6_part2_APP_bsp/\libhal_bsp.a(alt_main.o) (close)
../lab6_part2_APP_bsp/\libhal_bsp.a(alt_dcache_flush_all.o)
                              ../lab6_part2_APP_bsp/\libhal_bsp.a(alt_load.o) (alt_dcache_flush_all)
../lab6_part2_APP_bsp/\libhal_bsp.a(alt_dev.o)
                              ../lab6_part2_APP_bsp/\libhal_bsp.a(alt_sys_init.o) (alt_dev_list)
../lab6_part2_APP_bsp/\libhal_bsp.a(alt_dev_llist_insert.o)
                              ../lab6_part2_APP_bsp/\libhal_bsp.a(alt_sys_init.o) (alt_dev_llist_insert)
../lab6_part2_APP_bsp/\libhal_bsp.a(alt_errno.o)
                              ../lab6_part2_APP_bsp/\libhal_bsp.a(alt_close.o) (alt_errno)
../lab6_part2_APP_bsp/\libhal_bsp.a(alt_icache_flush_all.o)
                              ../lab6_part2_APP_bsp/\libhal_bsp.a(alt_load.o) (alt_icache_flush_all)
../lab6_part2_APP_bsp/\libhal_bsp.a(alt_io_redirect.o)
                              ../lab6_part2_APP_bsp/\libhal_bsp.a(alt_main.o) (alt_io_redirect)
../lab6_part2_APP_bsp/\libhal_bsp.a(alt_open.o)
                              ../lab6_part2_APP_bsp/\libhal_bsp.a(alt_io_redirect.o) (open)
../lab6_part2_APP_bsp/\libhal_bsp.a(alt_release_fd.o)
                              ../lab6_part2_APP_bsp/\libhal_bsp.a(alt_close.o) (alt_release_fd)
../lab6_part2_APP_bsp/\libhal_bsp.a(altera_nios2_gen2_irq.o)
                              ../lab6_part2_APP_bsp/\libhal_bsp.a(alt_sys_init.o) (altera_nios2_gen2_irq_init)
../lab6_part2_APP_bsp/\libhal_bsp.a(alt_find_dev.o)
                              ../lab6_part2_APP_bsp/\libhal_bsp.a(alt_open.o) (alt_find_dev)
../lab6_part2_APP_bsp/\libhal_bsp.a(alt_find_file.o)
                              ../lab6_part2_APP_bsp/\libhal_bsp.a(alt_open.o) (alt_find_file)
../lab6_part2_APP_bsp/\libhal_bsp.a(alt_get_fd.o)
                              ../lab6_part2_APP_bsp/\libhal_bsp.a(alt_open.o) (alt_get_fd)
c:/intelfpga_lite/18.1/nios2eds/bin/gnu/h-x86_64-mingw32/bin/../lib/gcc/nios2-elf/5.3.0/../../../../../H-x86_64-mingw32/nios2-elf/lib/mno-hw-mul\libsmallc.a(lib_a-exit.o)
                              ../lab6_part2_APP_bsp/\libhal_bsp.a(alt_main.o) (exit)
c:/intelfpga_lite/18.1/nios2eds/bin/gnu/h-x86_64-mingw32/bin/../lib/gcc/nios2-elf/5.3.0/../../../../../H-x86_64-mingw32/nios2-elf/lib/mno-hw-mul\libsmallc.a(lib_a-int_errno.o)
                              ../lab6_part2_APP_bsp/\libhal_bsp.a(alt_close.o) (errno)
c:/intelfpga_lite/18.1/nios2eds/bin/gnu/h-x86_64-mingw32/bin/../lib/gcc/nios2-elf/5.3.0/../../../../../H-x86_64-mingw32/nios2-elf/lib/mno-hw-mul\libsmallc.a(lib_a-memcmp.o)
                              ../lab6_part2_APP_bsp/\libhal_bsp.a(alt_find_dev.o) (memcmp)
c:/intelfpga_lite/18.1/nios2eds/bin/gnu/h-x86_64-mingw32/bin/../lib/gcc/nios2-elf/5.3.0/../../../../../H-x86_64-mingw32/nios2-elf/lib/mno-hw-mul\libsmallc.a(lib_a-strlen.o)
                              ../lab6_part2_APP_bsp/\libhal_bsp.a(alt_find_dev.o) (strlen)
c:/intelfpga_lite/18.1/nios2eds/bin/gnu/h-x86_64-mingw32/bin/../lib/gcc/nios2-elf/5.3.0/../../../../../H-x86_64-mingw32/nios2-elf/lib/mno-hw-mul\libsmallc.a(lib_a-__call_atexit.o)
                              c:/intelfpga_lite/18.1/nios2eds/bin/gnu/h-x86_64-mingw32/bin/../lib/gcc/nios2-elf/5.3.0/../../../../../H-x86_64-mingw32/nios2-elf/lib/mno-hw-mul\libsmallc.a(lib_a-exit.o) (__call_exitprocs)
c:/intelfpga_lite/18.1/nios2eds/bin/gnu/h-x86_64-mingw32/bin/../lib/gcc/nios2-elf/5.3.0/../../../../../H-x86_64-mingw32/nios2-elf/lib/mno-hw-mul\libsmallc.a(lib_a-impure.o)
                              c:/intelfpga_lite/18.1/nios2eds/bin/gnu/h-x86_64-mingw32/bin/../lib/gcc/nios2-elf/5.3.0/../../../../../H-x86_64-mingw32/nios2-elf/lib/mno-hw-mul\libsmallc.a(lib_a-__call_atexit.o) (_global_impure_ptr)
c:/intelfpga_lite/18.1/nios2eds/bin/gnu/h-x86_64-mingw32/bin/../lib/gcc/nios2-elf/5.3.0/mno-hw-mul\libgcc.a(lib2-mul.o)
                              ../lab6_part2_APP_bsp/\libhal_bsp.a(alt_close.o) (__mulsi3)
../lab6_part2_APP_bsp/\libhal_bsp.a(alt_exit.o)
                              c:/intelfpga_lite/18.1/nios2eds/bin/gnu/h-x86_64-mingw32/bin/../lib/gcc/nios2-elf/5.3.0/../../../../../H-x86_64-mingw32/nios2-elf/lib/mno-hw-mul\libsmallc.a(lib_a-exit.o) (_exit)

Allocating common symbols
Common symbol       size              file

errno               0x4               c:/intelfpga_lite/18.1/nios2eds/bin/gnu/h-x86_64-mingw32/bin/../lib/gcc/nios2-elf/5.3.0/../../../../../H-x86_64-mingw32/nios2-elf/lib/mno-hw-mul\libsmallc.a(lib_a-int_errno.o)

Memory Configuration

Name             Origin             Length             Attributes
reset            0x0000000000004000 0x0000000000000020
onchip_memory2_0 0x0000000000004020 0x0000000000003fe0
*default*        0x0000000000000000 0xffffffffffffffff

Linker script and memory map

LOAD ../lab6_part2_APP_bsp//obj/HAL/src/crt0.o
LOAD obj/default/lab6_part2.o
LOAD c:/intelfpga_lite/18.1/nios2eds/bin/gnu/h-x86_64-mingw32/bin/../lib/gcc/nios2-elf/5.3.0/../../../../../H-x86_64-mingw32/nios2-elf/lib/mno-hw-mul\libstdc++.a
LOAD c:/intelfpga_lite/18.1/nios2eds/bin/gnu/h-x86_64-mingw32/bin/../lib/gcc/nios2-elf/5.3.0/../../../../../H-x86_64-mingw32/nios2-elf/lib/mno-hw-mul\libm.a
LOAD c:/intelfpga_lite/18.1/nios2eds/bin/gnu/h-x86_64-mingw32/bin/../lib/gcc/nios2-elf/5.3.0/mno-hw-mul\libgcc.a
START GROUP
LOAD c:/intelfpga_lite/18.1/nios2eds/bin/gnu/h-x86_64-mingw32/bin/../lib/gcc/nios2-elf/5.3.0/../../../../../H-x86_64-mingw32/nios2-elf/lib/mno-hw-mul\libsmallc.a
LOAD c:/intelfpga_lite/18.1/nios2eds/bin/gnu/h-x86_64-mingw32/bin/../lib/gcc/nios2-elf/5.3.0/mno-hw-mul\libgcc.a
LOAD ../lab6_part2_APP_bsp/\libhal_bsp.a
LOAD c:/intelfpga_lite/18.1/nios2eds/bin/gnu/h-x86_64-mingw32/bin/../lib/gcc/nios2-elf/5.3.0/../../../../../H-x86_64-mingw32/nios2-elf/lib/mno-hw-mul\libm.a
END GROUP
LOAD c:/intelfpga_lite/18.1/nios2eds/bin/gnu/h-x86_64-mingw32/bin/../lib/gcc/nios2-elf/5.3.0/mno-hw-mul\libgcc.a
                0x0000000000004000                __alt_mem_onchip_memory2_0 = 0x4000

.entry          0x0000000000004000       0x20
 *(.entry)
 .entry         0x0000000000004000       0x20 ../lab6_part2_APP_bsp//obj/HAL/src/crt0.o
                0x0000000000004000                __reset

.exceptions     0x0000000000004020        0x0
                0x0000000000004020                PROVIDE (__ram_exceptions_start, ABSOLUTE (.))
                0x0000000000004020                . = ALIGN (0x20)
 *(.irq)
 *(.exceptions.entry.label)
 *(.exceptions.entry.user)
 *(.exceptions.entry.ecc_fatal)
 *(.exceptions.entry)
 *(.exceptions.irqtest.user)
 *(.exceptions.irqtest)
 *(.exceptions.irqhandler.user)
 *(.exceptions.irqhandler)
 *(.exceptions.irqreturn.user)
 *(.exceptions.irqreturn)
 *(.exceptions.notirq.label)
 *(.exceptions.notirq.user)
 *(.exceptions.notirq)
 *(.exceptions.soft.user)
 *(.exceptions.soft)
 *(.exceptions.unknown.user)
 *(.exceptions.unknown)
 *(.exceptions.exit.label)
 *(.exceptions.exit.user)
 *(.exceptions.exit)
 *(.exceptions)
                0x0000000000004020                PROVIDE (__ram_exceptions_end, ABSOLUTE (.))
                0x0000000000004020                PROVIDE (__flash_exceptions_start, LOADADDR (.exceptions))

.text           0x0000000000004020     0x12d0
                [!provide]                        PROVIDE (stext, ABSOLUTE (.))
 *(.interp)
 *(.hash)
 *(.dynsym)
 *(.dynstr)
 *(.gnu.version)
 *(.gnu.version_d)
 *(.gnu.version_r)
 *(.rel.init)
 *(.rela.init)
 *(.rel.text .rel.text.* .rel.gnu.linkonce.t.*)
 *(.rela.text .rela.text.* .rela.gnu.linkonce.t.*)
 *(.rel.fini)
 *(.rela.fini)
 *(.rel.rodata .rel.rodata.* .rel.gnu.linkonce.r.*)
 *(.rela.rodata .rela.rodata.* .rela.gnu.linkonce.r.*)
 *(.rel.data .rel.data.* .rel.gnu.linkonce.d.*)
 *(.rela.data .rela.data.* .rela.gnu.linkonce.d.*)
 *(.rel.tdata .rel.tdata.* .rel.gnu.linkonce.td.*)
 *(.rela.tdata .rela.tdata.* .rela.gnu.linkonce.td.*)
 *(.rel.tbss .rel.tbss.* .rel.gnu.linkonce.tb.*)
 *(.rela.tbss .rela.tbss.* .rela.gnu.linkonce.tb.*)
 *(.rel.ctors)
 *(.rela.ctors)
 *(.rel.dtors)
 *(.rela.dtors)
 *(.rel.got)
 *(.rela.got)
 *(.rel.sdata .rel.sdata.* .rel.gnu.linkonce.s.*)
 *(.rela.sdata .rela.sdata.* .rela.gnu.linkonce.s.*)
 *(.rel.sbss .rel.sbss.* .rel.gnu.linkonce.sb.*)
 *(.rela.sbss .rela.sbss.* .rela.gnu.linkonce.sb.*)
 *(.rel.sdata2 .rel.sdata2.* .rel.gnu.linkonce.s2.*)
 *(.rela.sdata2 .rela.sdata2.* .rela.gnu.linkonce.s2.*)
 *(.rel.sbss2 .rel.sbss2.* .rel.gnu.linkonce.sb2.*)
 *(.rela.sbss2 .rela.sbss2.* .rela.gnu.linkonce.sb2.*)
 *(.rel.bss .rel.bss.* .rel.gnu.linkonce.b.*)
 *(.rela.bss .rela.bss.* .rela.gnu.linkonce.b.*)
 *(.rel.plt)
 *(.rela.plt)
 *(.rel.dyn)
 *(.init)
 *(.plt)
 *(.text .stub .text.* .gnu.linkonce.t.*)
 .text          0x0000000000004020       0x3c ../lab6_part2_APP_bsp//obj/HAL/src/crt0.o
                0x0000000000004020                _start
 .text          0x000000000000405c      0x2b8 obj/default/lab6_part2.o
                0x000000000000405c                byte_ram_test
                0x000000000000412c                short_ram_test
                0x00000000000041fc                int_ram_test
                0x00000000000042e0                main
 .text          0x0000000000004314       0xec ../lab6_part2_APP_bsp/\libhal_bsp.a(alt_load.o)
                0x000000000000437c                alt_load
 .text          0x0000000000004400       0x6c ../lab6_part2_APP_bsp/\libhal_bsp.a(alt_main.o)
                0x0000000000004400                alt_main
 .text          0x000000000000446c       0xa4 ../lab6_part2_APP_bsp/\libhal_bsp.a(alt_sys_init.o)
                0x00000000000044a0                alt_irq_init
                0x00000000000044d8                alt_sys_init
 .text          0x0000000000004510       0xc0 ../lab6_part2_APP_bsp/\libhal_bsp.a(altera_avalon_jtag_uart_fd.o)
                0x0000000000004510                altera_avalon_jtag_uart_read_fd
                0x0000000000004570                altera_avalon_jtag_uart_write_fd
 .text          0x00000000000045d0       0xec ../lab6_part2_APP_bsp/\libhal_bsp.a(altera_avalon_jtag_uart_read.o)
                0x00000000000045d0                altera_avalon_jtag_uart_read
 .text          0x00000000000046bc       0x94 ../lab6_part2_APP_bsp/\libhal_bsp.a(altera_avalon_jtag_uart_write.o)
                0x00000000000046bc                altera_avalon_jtag_uart_write
 .text          0x0000000000004750      0x114 ../lab6_part2_APP_bsp/\libhal_bsp.a(alt_close.o)
                0x000000000000478c                close
 .text          0x0000000000004864       0x20 ../lab6_part2_APP_bsp/\libhal_bsp.a(alt_dcache_flush_all.o)
                0x0000000000004864                alt_dcache_flush_all
 .text          0x0000000000004884       0x2c ../lab6_part2_APP_bsp/\libhal_bsp.a(alt_dev.o)
 .text          0x00000000000048b0       0xe0 ../lab6_part2_APP_bsp/\libhal_bsp.a(alt_dev_llist_insert.o)
                0x00000000000048ec                alt_dev_llist_insert
 .text          0x0000000000004990        0x0 ../lab6_part2_APP_bsp/\libhal_bsp.a(alt_errno.o)
 .text          0x0000000000004990       0x20 ../lab6_part2_APP_bsp/\libhal_bsp.a(alt_icache_flush_all.o)
                0x0000000000004990                alt_icache_flush_all
 .text          0x00000000000049b0      0x160 ../lab6_part2_APP_bsp/\libhal_bsp.a(alt_io_redirect.o)
                0x0000000000004a94                alt_io_redirect
 .text          0x0000000000004b10      0x284 ../lab6_part2_APP_bsp/\libhal_bsp.a(alt_open.o)
                0x0000000000004c38                open
 .text          0x0000000000004d94       0x84 ../lab6_part2_APP_bsp/\libhal_bsp.a(alt_release_fd.o)
                0x0000000000004d94                alt_release_fd
 .text          0x0000000000004e18       0x24 ../lab6_part2_APP_bsp/\libhal_bsp.a(altera_nios2_gen2_irq.o)
                0x0000000000004e18                altera_nios2_gen2_irq_init
 .text          0x0000000000004e3c       0x90 ../lab6_part2_APP_bsp/\libhal_bsp.a(alt_find_dev.o)
                0x0000000000004e3c                alt_find_dev
 .text          0x0000000000004ecc      0x108 ../lab6_part2_APP_bsp/\libhal_bsp.a(alt_find_file.o)
                0x0000000000004ecc                alt_find_file
 .text          0x0000000000004fd4       0xc4 ../lab6_part2_APP_bsp/\libhal_bsp.a(alt_get_fd.o)
                0x0000000000004fd4                alt_get_fd
 .text          0x0000000000005098        0x0 c:/intelfpga_lite/18.1/nios2eds/bin/gnu/h-x86_64-mingw32/bin/../lib/gcc/nios2-elf/5.3.0/../../../../../H-x86_64-mingw32/nios2-elf/lib/mno-hw-mul\libsmallc.a(lib_a-exit.o)
 .text.exit     0x0000000000005098       0x20 c:/intelfpga_lite/18.1/nios2eds/bin/gnu/h-x86_64-mingw32/bin/../lib/gcc/nios2-elf/5.3.0/../../../../../H-x86_64-mingw32/nios2-elf/lib/mno-hw-mul\libsmallc.a(lib_a-exit.o)
                0x0000000000005098                exit
 .text          0x00000000000050b8        0x0 c:/intelfpga_lite/18.1/nios2eds/bin/gnu/h-x86_64-mingw32/bin/../lib/gcc/nios2-elf/5.3.0/../../../../../H-x86_64-mingw32/nios2-elf/lib/mno-hw-mul\libsmallc.a(lib_a-int_errno.o)
 .text          0x00000000000050b8        0x0 c:/intelfpga_lite/18.1/nios2eds/bin/gnu/h-x86_64-mingw32/bin/../lib/gcc/nios2-elf/5.3.0/../../../../../H-x86_64-mingw32/nios2-elf/lib/mno-hw-mul\libsmallc.a(lib_a-memcmp.o)
 .text.memcmp   0x00000000000050b8       0x30 c:/intelfpga_lite/18.1/nios2eds/bin/gnu/h-x86_64-mingw32/bin/../lib/gcc/nios2-elf/5.3.0/../../../../../H-x86_64-mingw32/nios2-elf/lib/mno-hw-mul\libsmallc.a(lib_a-memcmp.o)
                0x00000000000050b8                memcmp
 .text          0x00000000000050e8        0x0 c:/intelfpga_lite/18.1/nios2eds/bin/gnu/h-x86_64-mingw32/bin/../lib/gcc/nios2-elf/5.3.0/../../../../../H-x86_64-mingw32/nios2-elf/lib/mno-hw-mul\libsmallc.a(lib_a-strlen.o)
 .text.strlen   0x00000000000050e8       0x1c c:/intelfpga_lite/18.1/nios2eds/bin/gnu/h-x86_64-mingw32/bin/../lib/gcc/nios2-elf/5.3.0/../../../../../H-x86_64-mingw32/nios2-elf/lib/mno-hw-mul\libsmallc.a(lib_a-strlen.o)
                0x00000000000050e8                strlen
 .text          0x0000000000005104        0x0 c:/intelfpga_lite/18.1/nios2eds/bin/gnu/h-x86_64-mingw32/bin/../lib/gcc/nios2-elf/5.3.0/../../../../../H-x86_64-mingw32/nios2-elf/lib/mno-hw-mul\libsmallc.a(lib_a-__call_atexit.o)
 .text.__call_exitprocs
                0x0000000000005104      0x190 c:/intelfpga_lite/18.1/nios2eds/bin/gnu/h-x86_64-mingw32/bin/../lib/gcc/nios2-elf/5.3.0/../../../../../H-x86_64-mingw32/nios2-elf/lib/mno-hw-mul\libsmallc.a(lib_a-__call_atexit.o)
                0x0000000000005104                __call_exitprocs
 .text          0x0000000000005294        0x0 c:/intelfpga_lite/18.1/nios2eds/bin/gnu/h-x86_64-mingw32/bin/../lib/gcc/nios2-elf/5.3.0/../../../../../H-x86_64-mingw32/nios2-elf/lib/mno-hw-mul\libsmallc.a(lib_a-impure.o)
 .text          0x0000000000005294       0x28 c:/intelfpga_lite/18.1/nios2eds/bin/gnu/h-x86_64-mingw32/bin/../lib/gcc/nios2-elf/5.3.0/mno-hw-mul\libgcc.a(lib2-mul.o)
                0x0000000000005294                __mulsi3
 .text          0x00000000000052bc       0x34 ../lab6_part2_APP_bsp/\libhal_bsp.a(alt_exit.o)
                0x00000000000052bc                _exit
 *(.gnu.warning.*)
 *(.fini)
                [!provide]                        PROVIDE (__etext, ABSOLUTE (.))
                [!provide]                        PROVIDE (_etext, ABSOLUTE (.))
                [!provide]                        PROVIDE (etext, ABSOLUTE (.))
 *(.eh_frame_hdr)
                0x00000000000052f0                . = ALIGN (0x4)
                [!provide]                        PROVIDE (__preinit_array_start, ABSOLUTE (.))
 *(.preinit_array)
                [!provide]                        PROVIDE (__preinit_array_end, ABSOLUTE (.))
                [!provide]                        PROVIDE (__init_array_start, ABSOLUTE (.))
 *(.init_array)
                [!provide]                        PROVIDE (__init_array_end, ABSOLUTE (.))
                [!provide]                        PROVIDE (__fini_array_start, ABSOLUTE (.))
 *(.fini_array)
                [!provide]                        PROVIDE (__fini_array_end, ABSOLUTE (.))
 *(.eh_frame)
 *(.gcc_except_table .gcc_except_table.*)
 *(.dynamic)
                [!provide]                        PROVIDE (__CTOR_LIST__, ABSOLUTE (.))
 *(.ctors)
 *(SORT(.ctors.*))
                [!provide]                        PROVIDE (__CTOR_END__, ABSOLUTE (.))
                [!provide]                        PROVIDE (__DTOR_LIST__, ABSOLUTE (.))
 *(.dtors)
 *(SORT(.dtors.*))
                [!provide]                        PROVIDE (__DTOR_END__, ABSOLUTE (.))
 *(.jcr)
                0x00000000000052f0                . = ALIGN (0x4)

.rodata         0x00000000000052f0       0x34
                0x00000000000052f0                PROVIDE (__ram_rodata_start, ABSOLUTE (.))
                0x00000000000052f0                . = ALIGN (0x4)
 *(.rodata .rodata.* .gnu.linkonce.r.*)
 .rodata        0x00000000000052f0       0x11 ../lab6_part2_APP_bsp/\libhal_bsp.a(alt_main.o)
 *fill*         0x0000000000005301        0x3 
 .rodata        0x0000000000005304       0x11 ../lab6_part2_APP_bsp/\libhal_bsp.a(alt_sys_init.o)
 *fill*         0x0000000000005315        0x3 
 .rodata        0x0000000000005318        0xa ../lab6_part2_APP_bsp/\libhal_bsp.a(alt_dev.o)
 *(.rodata1)
                0x0000000000005324                . = ALIGN (0x4)
 *fill*         0x0000000000005322        0x2 
                0x0000000000005324                PROVIDE (__ram_rodata_end, ABSOLUTE (.))
                0x00000000000052f0                PROVIDE (__flash_rodata_start, LOADADDR (.rodata))

.rwdata         0x0000000000005324      0x2d8 load address 0x00000000000055fc
                0x0000000000005324                PROVIDE (__ram_rwdata_start, ABSOLUTE (.))
                0x0000000000005324                . = ALIGN (0x4)
 *(.got.plt)
 *(.got)
 *(.data1)
 *(.data .data.* .gnu.linkonce.d.*)
 .data          0x0000000000005324        0x0 ../lab6_part2_APP_bsp//obj/HAL/src/crt0.o
 .data          0x0000000000005324        0x0 obj/default/lab6_part2.o
 .data          0x0000000000005324        0x0 ../lab6_part2_APP_bsp/\libhal_bsp.a(alt_load.o)
 .data          0x0000000000005324        0x0 ../lab6_part2_APP_bsp/\libhal_bsp.a(alt_main.o)
 .data          0x0000000000005324       0x2c ../lab6_part2_APP_bsp/\libhal_bsp.a(alt_sys_init.o)
 .data          0x0000000000005350        0x0 ../lab6_part2_APP_bsp/\libhal_bsp.a(altera_avalon_jtag_uart_fd.o)
 .data          0x0000000000005350        0x0 ../lab6_part2_APP_bsp/\libhal_bsp.a(altera_avalon_jtag_uart_read.o)
 .data          0x0000000000005350        0x0 ../lab6_part2_APP_bsp/\libhal_bsp.a(altera_avalon_jtag_uart_write.o)
 .data          0x0000000000005350        0x0 ../lab6_part2_APP_bsp/\libhal_bsp.a(alt_close.o)
 .data          0x0000000000005350        0x0 ../lab6_part2_APP_bsp/\libhal_bsp.a(alt_dcache_flush_all.o)
 .data          0x0000000000005350      0x1a8 ../lab6_part2_APP_bsp/\libhal_bsp.a(alt_dev.o)
                0x0000000000005350                alt_dev_null
                0x0000000000005378                alt_fd_list
 .data          0x00000000000054f8        0x0 ../lab6_part2_APP_bsp/\libhal_bsp.a(alt_dev_llist_insert.o)
 .data          0x00000000000054f8        0x0 ../lab6_part2_APP_bsp/\libhal_bsp.a(alt_errno.o)
 .data          0x00000000000054f8        0x0 ../lab6_part2_APP_bsp/\libhal_bsp.a(alt_icache_flush_all.o)
 .data          0x00000000000054f8        0x0 ../lab6_part2_APP_bsp/\libhal_bsp.a(alt_io_redirect.o)
 .data          0x00000000000054f8        0x0 ../lab6_part2_APP_bsp/\libhal_bsp.a(alt_open.o)
 .data          0x00000000000054f8        0x0 ../lab6_part2_APP_bsp/\libhal_bsp.a(alt_release_fd.o)
 .data          0x00000000000054f8        0x0 ../lab6_part2_APP_bsp/\libhal_bsp.a(altera_nios2_gen2_irq.o)
 .data          0x00000000000054f8        0x0 ../lab6_part2_APP_bsp/\libhal_bsp.a(alt_find_dev.o)
 .data          0x00000000000054f8        0x0 ../lab6_part2_APP_bsp/\libhal_bsp.a(alt_find_file.o)
 .data          0x00000000000054f8        0x0 ../lab6_part2_APP_bsp/\libhal_bsp.a(alt_get_fd.o)
 .data          0x00000000000054f8        0x0 c:/intelfpga_lite/18.1/nios2eds/bin/gnu/h-x86_64-mingw32/bin/../lib/gcc/nios2-elf/5.3.0/../../../../../H-x86_64-mingw32/nios2-elf/lib/mno-hw-mul\libsmallc.a(lib_a-exit.o)
 .data          0x00000000000054f8        0x0 c:/intelfpga_lite/18.1/nios2eds/bin/gnu/h-x86_64-mingw32/bin/../lib/gcc/nios2-elf/5.3.0/../../../../../H-x86_64-mingw32/nios2-elf/lib/mno-hw-mul\libsmallc.a(lib_a-int_errno.o)
 .data          0x00000000000054f8        0x0 c:/intelfpga_lite/18.1/nios2eds/bin/gnu/h-x86_64-mingw32/bin/../lib/gcc/nios2-elf/5.3.0/../../../../../H-x86_64-mingw32/nios2-elf/lib/mno-hw-mul\libsmallc.a(lib_a-memcmp.o)
 .data          0x00000000000054f8        0x0 c:/intelfpga_lite/18.1/nios2eds/bin/gnu/h-x86_64-mingw32/bin/../lib/gcc/nios2-elf/5.3.0/../../../../../H-x86_64-mingw32/nios2-elf/lib/mno-hw-mul\libsmallc.a(lib_a-strlen.o)
 .data          0x00000000000054f8        0x0 c:/intelfpga_lite/18.1/nios2eds/bin/gnu/h-x86_64-mingw32/bin/../lib/gcc/nios2-elf/5.3.0/../../../../../H-x86_64-mingw32/nios2-elf/lib/mno-hw-mul\libsmallc.a(lib_a-__call_atexit.o)
 .data          0x00000000000054f8        0x0 c:/intelfpga_lite/18.1/nios2eds/bin/gnu/h-x86_64-mingw32/bin/../lib/gcc/nios2-elf/5.3.0/../../../../../H-x86_64-mingw32/nios2-elf/lib/mno-hw-mul\libsmallc.a(lib_a-impure.o)
 .data.impure_data
                0x00000000000054f8       0xe0 c:/intelfpga_lite/18.1/nios2eds/bin/gnu/h-x86_64-mingw32/bin/../lib/gcc/nios2-elf/5.3.0/../../../../../H-x86_64-mingw32/nios2-elf/lib/mno-hw-mul\libsmallc.a(lib_a-impure.o)
 .data          0x00000000000055d8        0x0 c:/intelfpga_lite/18.1/nios2eds/bin/gnu/h-x86_64-mingw32/bin/../lib/gcc/nios2-elf/5.3.0/mno-hw-mul\libgcc.a(lib2-mul.o)
 .data          0x00000000000055d8        0x0 ../lab6_part2_APP_bsp/\libhal_bsp.a(alt_exit.o)
                0x000000000000d5d8                _gp = ABSOLUTE ((. + 0x8000))
                [!provide]                        PROVIDE (gp, _gp)
 *(.rwdata .rwdata.*)
 *(.sdata .sdata.* .gnu.linkonce.s.*)
 .sdata         0x00000000000055d8        0x4 obj/default/lab6_part2.o
                0x00000000000055d8                leds
 .sdata         0x00000000000055dc       0x14 ../lab6_part2_APP_bsp/\libhal_bsp.a(alt_dev.o)
                0x00000000000055dc                alt_fs_list
                0x00000000000055e4                alt_dev_list
                0x00000000000055ec                alt_max_fd
 .sdata         0x00000000000055f0        0x4 ../lab6_part2_APP_bsp/\libhal_bsp.a(alt_errno.o)
                0x00000000000055f0                alt_errno
 .sdata._global_impure_ptr
                0x00000000000055f4        0x4 c:/intelfpga_lite/18.1/nios2eds/bin/gnu/h-x86_64-mingw32/bin/../lib/gcc/nios2-elf/5.3.0/../../../../../H-x86_64-mingw32/nios2-elf/lib/mno-hw-mul\libsmallc.a(lib_a-impure.o)
                0x00000000000055f4                _global_impure_ptr
 .sdata._impure_ptr
                0x00000000000055f8        0x4 c:/intelfpga_lite/18.1/nios2eds/bin/gnu/h-x86_64-mingw32/bin/../lib/gcc/nios2-elf/5.3.0/../../../../../H-x86_64-mingw32/nios2-elf/lib/mno-hw-mul\libsmallc.a(lib_a-impure.o)
                0x00000000000055f8                _impure_ptr
 *(.sdata2 .sdata2.* .gnu.linkonce.s2.*)
                0x00000000000055fc                . = ALIGN (0x4)
                0x00000000000055fc                _edata = ABSOLUTE (.)
                [!provide]                        PROVIDE (edata, ABSOLUTE (.))
                0x00000000000055fc                PROVIDE (__ram_rwdata_end, ABSOLUTE (.))
                0x00000000000055fc                PROVIDE (__flash_rwdata_start, LOADADDR (.rwdata))

.bss            0x00000000000058d4       0x10
                0x00000000000058d4                __bss_start = ABSOLUTE (.)
                [!provide]                        PROVIDE (__sbss_start, ABSOLUTE (.))
                [!provide]                        PROVIDE (___sbss_start, ABSOLUTE (.))
 *(.dynsbss)
 *(.sbss .sbss.* .gnu.linkonce.sb.*)
 .sbss          0x00000000000058d4        0xc ../lab6_part2_APP_bsp/\libhal_bsp.a(alt_main.o)
                0x00000000000058d4                alt_argc
                0x00000000000058d8                alt_argv
                0x00000000000058dc                alt_envp
 .sbss          0x00000000000058e0        0x4 c:/intelfpga_lite/18.1/nios2eds/bin/gnu/h-x86_64-mingw32/bin/../lib/gcc/nios2-elf/5.3.0/../../../../../H-x86_64-mingw32/nios2-elf/lib/mno-hw-mul\libsmallc.a(lib_a-int_errno.o)
                0x00000000000058e0                errno
 *(.sbss2 .sbss2.* .gnu.linkonce.sb2.*)
 *(.scommon)
                [!provide]                        PROVIDE (__sbss_end, ABSOLUTE (.))
                [!provide]                        PROVIDE (___sbss_end, ABSOLUTE (.))
 *(.dynbss)
 *(.bss .bss.* .gnu.linkonce.b.*)
 .bss           0x00000000000058e4        0x0 ../lab6_part2_APP_bsp//obj/HAL/src/crt0.o
 .bss           0x00000000000058e4        0x0 obj/default/lab6_part2.o
 .bss           0x00000000000058e4        0x0 ../lab6_part2_APP_bsp/\libhal_bsp.a(alt_load.o)
 .bss           0x00000000000058e4        0x0 ../lab6_part2_APP_bsp/\libhal_bsp.a(alt_main.o)
 .bss           0x00000000000058e4        0x0 ../lab6_part2_APP_bsp/\libhal_bsp.a(alt_sys_init.o)
 .bss           0x00000000000058e4        0x0 ../lab6_part2_APP_bsp/\libhal_bsp.a(altera_avalon_jtag_uart_fd.o)
 .bss           0x00000000000058e4        0x0 ../lab6_part2_APP_bsp/\libhal_bsp.a(altera_avalon_jtag_uart_read.o)
 .bss           0x00000000000058e4        0x0 ../lab6_part2_APP_bsp/\libhal_bsp.a(altera_avalon_jtag_uart_write.o)
 .bss           0x00000000000058e4        0x0 ../lab6_part2_APP_bsp/\libhal_bsp.a(alt_close.o)
 .bss           0x00000000000058e4        0x0 ../lab6_part2_APP_bsp/\libhal_bsp.a(alt_dcache_flush_all.o)
 .bss           0x00000000000058e4        0x0 ../lab6_part2_APP_bsp/\libhal_bsp.a(alt_dev.o)
 .bss           0x00000000000058e4        0x0 ../lab6_part2_APP_bsp/\libhal_bsp.a(alt_dev_llist_insert.o)
 .bss           0x00000000000058e4        0x0 ../lab6_part2_APP_bsp/\libhal_bsp.a(alt_errno.o)
 .bss           0x00000000000058e4        0x0 ../lab6_part2_APP_bsp/\libhal_bsp.a(alt_icache_flush_all.o)
 .bss           0x00000000000058e4        0x0 ../lab6_part2_APP_bsp/\libhal_bsp.a(alt_io_redirect.o)
 .bss           0x00000000000058e4        0x0 ../lab6_part2_APP_bsp/\libhal_bsp.a(alt_open.o)
 .bss           0x00000000000058e4        0x0 ../lab6_part2_APP_bsp/\libhal_bsp.a(alt_release_fd.o)
 .bss           0x00000000000058e4        0x0 ../lab6_part2_APP_bsp/\libhal_bsp.a(altera_nios2_gen2_irq.o)
 .bss           0x00000000000058e4        0x0 ../lab6_part2_APP_bsp/\libhal_bsp.a(alt_find_dev.o)
 .bss           0x00000000000058e4        0x0 ../lab6_part2_APP_bsp/\libhal_bsp.a(alt_find_file.o)
 .bss           0x00000000000058e4        0x0 ../lab6_part2_APP_bsp/\libhal_bsp.a(alt_get_fd.o)
 .bss           0x00000000000058e4        0x0 c:/intelfpga_lite/18.1/nios2eds/bin/gnu/h-x86_64-mingw32/bin/../lib/gcc/nios2-elf/5.3.0/../../../../../H-x86_64-mingw32/nios2-elf/lib/mno-hw-mul\libsmallc.a(lib_a-exit.o)
 .bss           0x00000000000058e4        0x0 c:/intelfpga_lite/18.1/nios2eds/bin/gnu/h-x86_64-mingw32/bin/../lib/gcc/nios2-elf/5.3.0/../../../../../H-x86_64-mingw32/nios2-elf/lib/mno-hw-mul\libsmallc.a(lib_a-int_errno.o)
 .bss           0x00000000000058e4        0x0 c:/intelfpga_lite/18.1/nios2eds/bin/gnu/h-x86_64-mingw32/bin/../lib/gcc/nios2-elf/5.3.0/../../../../../H-x86_64-mingw32/nios2-elf/lib/mno-hw-mul\libsmallc.a(lib_a-memcmp.o)
 .bss           0x00000000000058e4        0x0 c:/intelfpga_lite/18.1/nios2eds/bin/gnu/h-x86_64-mingw32/bin/../lib/gcc/nios2-elf/5.3.0/../../../../../H-x86_64-mingw32/nios2-elf/lib/mno-hw-mul\libsmallc.a(lib_a-strlen.o)
 .bss           0x00000000000058e4        0x0 c:/intelfpga_lite/18.1/nios2eds/bin/gnu/h-x86_64-mingw32/bin/../lib/gcc/nios2-elf/5.3.0/../../../../../H-x86_64-mingw32/nios2-elf/lib/mno-hw-mul\libsmallc.a(lib_a-__call_atexit.o)
 .bss           0x00000000000058e4        0x0 c:/intelfpga_lite/18.1/nios2eds/bin/gnu/h-x86_64-mingw32/bin/../lib/gcc/nios2-elf/5.3.0/../../../../../H-x86_64-mingw32/nios2-elf/lib/mno-hw-mul\libsmallc.a(lib_a-impure.o)
 .bss           0x00000000000058e4        0x0 c:/intelfpga_lite/18.1/nios2eds/bin/gnu/h-x86_64-mingw32/bin/../lib/gcc/nios2-elf/5.3.0/mno-hw-mul\libgcc.a(lib2-mul.o)
 .bss           0x00000000000058e4        0x0 ../lab6_part2_APP_bsp/\libhal_bsp.a(alt_exit.o)
 *(COMMON)
                0x00000000000058e4                . = ALIGN (0x4)
                0x00000000000058e4                __bss_end = ABSOLUTE (.)

.onchip_memory2_0
                0x00000000000058e4        0x0
                [!provide]                        PROVIDE (_alt_partition_onchip_memory2_0_start, ABSOLUTE (.))
 *(.onchip_memory2_0 .onchip_memory2_0. onchip_memory2_0.*)
                0x00000000000058e4                . = ALIGN (0x4)
                [!provide]                        PROVIDE (_alt_partition_onchip_memory2_0_end, ABSOLUTE (.))
                0x00000000000058e4                _end = ABSOLUTE (.)
                0x00000000000058e4                end = ABSOLUTE (.)
                0x00000000000058e4                __alt_stack_base = ABSOLUTE (.)
                [!provide]                        PROVIDE (_alt_partition_onchip_memory2_0_load_addr, LOADADDR (.onchip_memory2_0))

.stab
 *(.stab)

.stabstr
 *(.stabstr)

.stab.excl
 *(.stab.excl)

.stab.exclstr
 *(.stab.exclstr)

.stab.index
 *(.stab.index)

.stab.indexstr
 *(.stab.indexstr)

.comment        0x0000000000000000       0x23
 *(.comment)
 .comment       0x0000000000000000       0x23 obj/default/lab6_part2.o
                                         0x24 (size before relaxing)
 .comment       0x0000000000000023       0x24 ../lab6_part2_APP_bsp/\libhal_bsp.a(alt_load.o)
 .comment       0x0000000000000023       0x24 ../lab6_part2_APP_bsp/\libhal_bsp.a(alt_main.o)
 .comment       0x0000000000000023       0x24 ../lab6_part2_APP_bsp/\libhal_bsp.a(alt_sys_init.o)
 .comment       0x0000000000000023       0x24 ../lab6_part2_APP_bsp/\libhal_bsp.a(altera_avalon_jtag_uart_fd.o)
 .comment       0x0000000000000023       0x24 ../lab6_part2_APP_bsp/\libhal_bsp.a(altera_avalon_jtag_uart_read.o)
 .comment       0x0000000000000023       0x24 ../lab6_part2_APP_bsp/\libhal_bsp.a(altera_avalon_jtag_uart_write.o)
 .comment       0x0000000000000023       0x24 ../lab6_part2_APP_bsp/\libhal_bsp.a(alt_close.o)
 .comment       0x0000000000000023       0x24 ../lab6_part2_APP_bsp/\libhal_bsp.a(alt_dcache_flush_all.o)
 .comment       0x0000000000000023       0x24 ../lab6_part2_APP_bsp/\libhal_bsp.a(alt_dev.o)
 .comment       0x0000000000000023       0x24 ../lab6_part2_APP_bsp/\libhal_bsp.a(alt_dev_llist_insert.o)
 .comment       0x0000000000000023       0x24 ../lab6_part2_APP_bsp/\libhal_bsp.a(alt_errno.o)
 .comment       0x0000000000000023       0x24 ../lab6_part2_APP_bsp/\libhal_bsp.a(alt_icache_flush_all.o)
 .comment       0x0000000000000023       0x24 ../lab6_part2_APP_bsp/\libhal_bsp.a(alt_io_redirect.o)
 .comment       0x0000000000000023       0x24 ../lab6_part2_APP_bsp/\libhal_bsp.a(alt_open.o)
 .comment       0x0000000000000023       0x24 ../lab6_part2_APP_bsp/\libhal_bsp.a(alt_release_fd.o)
 .comment       0x0000000000000023       0x24 ../lab6_part2_APP_bsp/\libhal_bsp.a(altera_nios2_gen2_irq.o)
 .comment       0x0000000000000023       0x24 ../lab6_part2_APP_bsp/\libhal_bsp.a(alt_find_dev.o)
 .comment       0x0000000000000023       0x24 ../lab6_part2_APP_bsp/\libhal_bsp.a(alt_find_file.o)
 .comment       0x0000000000000023       0x24 ../lab6_part2_APP_bsp/\libhal_bsp.a(alt_get_fd.o)
 .comment       0x0000000000000023       0x24 c:/intelfpga_lite/18.1/nios2eds/bin/gnu/h-x86_64-mingw32/bin/../lib/gcc/nios2-elf/5.3.0/../../../../../H-x86_64-mingw32/nios2-elf/lib/mno-hw-mul\libsmallc.a(lib_a-exit.o)
 .comment       0x0000000000000023       0x24 c:/intelfpga_lite/18.1/nios2eds/bin/gnu/h-x86_64-mingw32/bin/../lib/gcc/nios2-elf/5.3.0/../../../../../H-x86_64-mingw32/nios2-elf/lib/mno-hw-mul\libsmallc.a(lib_a-int_errno.o)
 .comment       0x0000000000000023       0x24 c:/intelfpga_lite/18.1/nios2eds/bin/gnu/h-x86_64-mingw32/bin/../lib/gcc/nios2-elf/5.3.0/../../../../../H-x86_64-mingw32/nios2-elf/lib/mno-hw-mul\libsmallc.a(lib_a-memcmp.o)
 .comment       0x0000000000000023       0x24 c:/intelfpga_lite/18.1/nios2eds/bin/gnu/h-x86_64-mingw32/bin/../lib/gcc/nios2-elf/5.3.0/../../../../../H-x86_64-mingw32/nios2-elf/lib/mno-hw-mul\libsmallc.a(lib_a-strlen.o)
 .comment       0x0000000000000023       0x24 c:/intelfpga_lite/18.1/nios2eds/bin/gnu/h-x86_64-mingw32/bin/../lib/gcc/nios2-elf/5.3.0/../../../../../H-x86_64-mingw32/nios2-elf/lib/mno-hw-mul\libsmallc.a(lib_a-__call_atexit.o)
 .comment       0x0000000000000023       0x24 c:/intelfpga_lite/18.1/nios2eds/bin/gnu/h-x86_64-mingw32/bin/../lib/gcc/nios2-elf/5.3.0/../../../../../H-x86_64-mingw32/nios2-elf/lib/mno-hw-mul\libsmallc.a(lib_a-impure.o)
 .comment       0x0000000000000023       0x24 c:/intelfpga_lite/18.1/nios2eds/bin/gnu/h-x86_64-mingw32/bin/../lib/gcc/nios2-elf/5.3.0/mno-hw-mul\libgcc.a(lib2-mul.o)
 .comment       0x0000000000000023       0x24 ../lab6_part2_APP_bsp/\libhal_bsp.a(alt_exit.o)

.debug
 *(.debug)

.line
 *(.line)

.debug_srcinfo
 *(.debug_srcinfo)

.debug_sfnames
 *(.debug_sfnames)

.debug_aranges  0x0000000000000000      0x390
 *(.debug_aranges)
 .debug_aranges
                0x0000000000000000       0x28 ../lab6_part2_APP_bsp//obj/HAL/src/crt0.o
 .debug_aranges
                0x0000000000000028       0x20 obj/default/lab6_part2.o
 .debug_aranges
                0x0000000000000048       0x20 ../lab6_part2_APP_bsp/\libhal_bsp.a(alt_load.o)
 .debug_aranges
                0x0000000000000068       0x20 ../lab6_part2_APP_bsp/\libhal_bsp.a(alt_main.o)
 .debug_aranges
                0x0000000000000088       0x20 ../lab6_part2_APP_bsp/\libhal_bsp.a(alt_sys_init.o)
 .debug_aranges
                0x00000000000000a8       0x20 ../lab6_part2_APP_bsp/\libhal_bsp.a(altera_avalon_jtag_uart_fd.o)
 .debug_aranges
                0x00000000000000c8       0x20 ../lab6_part2_APP_bsp/\libhal_bsp.a(altera_avalon_jtag_uart_read.o)
 .debug_aranges
                0x00000000000000e8       0x20 ../lab6_part2_APP_bsp/\libhal_bsp.a(altera_avalon_jtag_uart_write.o)
 .debug_aranges
                0x0000000000000108       0x20 ../lab6_part2_APP_bsp/\libhal_bsp.a(alt_close.o)
 .debug_aranges
                0x0000000000000128       0x20 ../lab6_part2_APP_bsp/\libhal_bsp.a(alt_dcache_flush_all.o)
 .debug_aranges
                0x0000000000000148       0x20 ../lab6_part2_APP_bsp/\libhal_bsp.a(alt_dev.o)
 .debug_aranges
                0x0000000000000168       0x20 ../lab6_part2_APP_bsp/\libhal_bsp.a(alt_dev_llist_insert.o)
 .debug_aranges
                0x0000000000000188       0x18 ../lab6_part2_APP_bsp/\libhal_bsp.a(alt_errno.o)
 .debug_aranges
                0x00000000000001a0       0x20 ../lab6_part2_APP_bsp/\libhal_bsp.a(alt_icache_flush_all.o)
 .debug_aranges
                0x00000000000001c0       0x20 ../lab6_part2_APP_bsp/\libhal_bsp.a(alt_io_redirect.o)
 .debug_aranges
                0x00000000000001e0       0x20 ../lab6_part2_APP_bsp/\libhal_bsp.a(alt_open.o)
 .debug_aranges
                0x0000000000000200       0x20 ../lab6_part2_APP_bsp/\libhal_bsp.a(alt_release_fd.o)
 .debug_aranges
                0x0000000000000220       0x20 ../lab6_part2_APP_bsp/\libhal_bsp.a(altera_nios2_gen2_irq.o)
 .debug_aranges
                0x0000000000000240       0x20 ../lab6_part2_APP_bsp/\libhal_bsp.a(alt_find_dev.o)
 .debug_aranges
                0x0000000000000260       0x20 ../lab6_part2_APP_bsp/\libhal_bsp.a(alt_find_file.o)
 .debug_aranges
                0x0000000000000280       0x20 ../lab6_part2_APP_bsp/\libhal_bsp.a(alt_get_fd.o)
 .debug_aranges
                0x00000000000002a0       0x20 c:/intelfpga_lite/18.1/nios2eds/bin/gnu/h-x86_64-mingw32/bin/../lib/gcc/nios2-elf/5.3.0/../../../../../H-x86_64-mingw32/nios2-elf/lib/mno-hw-mul\libsmallc.a(lib_a-exit.o)
 .debug_aranges
                0x00000000000002c0       0x18 c:/intelfpga_lite/18.1/nios2eds/bin/gnu/h-x86_64-mingw32/bin/../lib/gcc/nios2-elf/5.3.0/../../../../../H-x86_64-mingw32/nios2-elf/lib/mno-hw-mul\libsmallc.a(lib_a-int_errno.o)
 .debug_aranges
                0x00000000000002d8       0x20 c:/intelfpga_lite/18.1/nios2eds/bin/gnu/h-x86_64-mingw32/bin/../lib/gcc/nios2-elf/5.3.0/../../../../../H-x86_64-mingw32/nios2-elf/lib/mno-hw-mul\libsmallc.a(lib_a-memcmp.o)
 .debug_aranges
                0x00000000000002f8       0x20 c:/intelfpga_lite/18.1/nios2eds/bin/gnu/h-x86_64-mingw32/bin/../lib/gcc/nios2-elf/5.3.0/../../../../../H-x86_64-mingw32/nios2-elf/lib/mno-hw-mul\libsmallc.a(lib_a-strlen.o)
 .debug_aranges
                0x0000000000000318       0x20 c:/intelfpga_lite/18.1/nios2eds/bin/gnu/h-x86_64-mingw32/bin/../lib/gcc/nios2-elf/5.3.0/../../../../../H-x86_64-mingw32/nios2-elf/lib/mno-hw-mul\libsmallc.a(lib_a-__call_atexit.o)
 .debug_aranges
                0x0000000000000338       0x18 c:/intelfpga_lite/18.1/nios2eds/bin/gnu/h-x86_64-mingw32/bin/../lib/gcc/nios2-elf/5.3.0/../../../../../H-x86_64-mingw32/nios2-elf/lib/mno-hw-mul\libsmallc.a(lib_a-impure.o)
 .debug_aranges
                0x0000000000000350       0x20 c:/intelfpga_lite/18.1/nios2eds/bin/gnu/h-x86_64-mingw32/bin/../lib/gcc/nios2-elf/5.3.0/mno-hw-mul\libgcc.a(lib2-mul.o)
 .debug_aranges
                0x0000000000000370       0x20 ../lab6_part2_APP_bsp/\libhal_bsp.a(alt_exit.o)

.debug_pubnames
 *(.debug_pubnames)

.debug_info     0x0000000000000000     0x40bb
 *(.debug_info .gnu.linkonce.wi.*)
 .debug_info    0x0000000000000000       0x7f ../lab6_part2_APP_bsp//obj/HAL/src/crt0.o
 .debug_info    0x000000000000007f      0x26e obj/default/lab6_part2.o
 .debug_info    0x00000000000002ed      0x145 ../lab6_part2_APP_bsp/\libhal_bsp.a(alt_load.o)
 .debug_info    0x0000000000000432      0x131 ../lab6_part2_APP_bsp/\libhal_bsp.a(alt_main.o)
 .debug_info    0x0000000000000563      0x3c9 ../lab6_part2_APP_bsp/\libhal_bsp.a(alt_sys_init.o)
 .debug_info    0x000000000000092c      0x3a7 ../lab6_part2_APP_bsp/\libhal_bsp.a(altera_avalon_jtag_uart_fd.o)
 .debug_info    0x0000000000000cd3      0x1b2 ../lab6_part2_APP_bsp/\libhal_bsp.a(altera_avalon_jtag_uart_read.o)
 .debug_info    0x0000000000000e85      0x195 ../lab6_part2_APP_bsp/\libhal_bsp.a(altera_avalon_jtag_uart_write.o)
 .debug_info    0x000000000000101a      0x321 ../lab6_part2_APP_bsp/\libhal_bsp.a(alt_close.o)
 .debug_info    0x000000000000133b       0x92 ../lab6_part2_APP_bsp/\libhal_bsp.a(alt_dcache_flush_all.o)
 .debug_info    0x00000000000013cd      0x49c ../lab6_part2_APP_bsp/\libhal_bsp.a(alt_dev.o)
 .debug_info    0x0000000000001869      0x1a9 ../lab6_part2_APP_bsp/\libhal_bsp.a(alt_dev_llist_insert.o)
 .debug_info    0x0000000000001a12       0xa6 ../lab6_part2_APP_bsp/\libhal_bsp.a(alt_errno.o)
 .debug_info    0x0000000000001ab8       0x92 ../lab6_part2_APP_bsp/\libhal_bsp.a(alt_icache_flush_all.o)
 .debug_info    0x0000000000001b4a      0x4a5 ../lab6_part2_APP_bsp/\libhal_bsp.a(alt_io_redirect.o)
 .debug_info    0x0000000000001fef      0x3bb ../lab6_part2_APP_bsp/\libhal_bsp.a(alt_open.o)
 .debug_info    0x00000000000023aa      0x2b0 ../lab6_part2_APP_bsp/\libhal_bsp.a(alt_release_fd.o)
 .debug_info    0x000000000000265a       0x92 ../lab6_part2_APP_bsp/\libhal_bsp.a(altera_nios2_gen2_irq.o)
 .debug_info    0x00000000000026ec      0x2e9 ../lab6_part2_APP_bsp/\libhal_bsp.a(alt_find_dev.o)
 .debug_info    0x00000000000029d5      0x2e6 ../lab6_part2_APP_bsp/\libhal_bsp.a(alt_find_file.o)
 .debug_info    0x0000000000002cbb      0x310 ../lab6_part2_APP_bsp/\libhal_bsp.a(alt_get_fd.o)
 .debug_info    0x0000000000002fcb       0xe5 c:/intelfpga_lite/18.1/nios2eds/bin/gnu/h-x86_64-mingw32/bin/../lib/gcc/nios2-elf/5.3.0/../../../../../H-x86_64-mingw32/nios2-elf/lib/mno-hw-mul\libsmallc.a(lib_a-exit.o)
 .debug_info    0x00000000000030b0       0x8a c:/intelfpga_lite/18.1/nios2eds/bin/gnu/h-x86_64-mingw32/bin/../lib/gcc/nios2-elf/5.3.0/../../../../../H-x86_64-mingw32/nios2-elf/lib/mno-hw-mul\libsmallc.a(lib_a-int_errno.o)
 .debug_info    0x000000000000313a       0xf4 c:/intelfpga_lite/18.1/nios2eds/bin/gnu/h-x86_64-mingw32/bin/../lib/gcc/nios2-elf/5.3.0/../../../../../H-x86_64-mingw32/nios2-elf/lib/mno-hw-mul\libsmallc.a(lib_a-memcmp.o)
 .debug_info    0x000000000000322e       0xc9 c:/intelfpga_lite/18.1/nios2eds/bin/gnu/h-x86_64-mingw32/bin/../lib/gcc/nios2-elf/5.3.0/../../../../../H-x86_64-mingw32/nios2-elf/lib/mno-hw-mul\libsmallc.a(lib_a-strlen.o)
 .debug_info    0x00000000000032f7      0x67b c:/intelfpga_lite/18.1/nios2eds/bin/gnu/h-x86_64-mingw32/bin/../lib/gcc/nios2-elf/5.3.0/../../../../../H-x86_64-mingw32/nios2-elf/lib/mno-hw-mul\libsmallc.a(lib_a-__call_atexit.o)
 .debug_info    0x0000000000003972      0x5a9 c:/intelfpga_lite/18.1/nios2eds/bin/gnu/h-x86_64-mingw32/bin/../lib/gcc/nios2-elf/5.3.0/../../../../../H-x86_64-mingw32/nios2-elf/lib/mno-hw-mul\libsmallc.a(lib_a-impure.o)
 .debug_info    0x0000000000003f1b       0xb4 c:/intelfpga_lite/18.1/nios2eds/bin/gnu/h-x86_64-mingw32/bin/../lib/gcc/nios2-elf/5.3.0/mno-hw-mul\libgcc.a(lib2-mul.o)
 .debug_info    0x0000000000003fcf       0xec ../lab6_part2_APP_bsp/\libhal_bsp.a(alt_exit.o)

.debug_abbrev   0x0000000000000000     0x1694
 *(.debug_abbrev)
 .debug_abbrev  0x0000000000000000       0x12 ../lab6_part2_APP_bsp//obj/HAL/src/crt0.o
 .debug_abbrev  0x0000000000000012       0xc6 obj/default/lab6_part2.o
 .debug_abbrev  0x00000000000000d8       0x9f ../lab6_part2_APP_bsp/\libhal_bsp.a(alt_load.o)
 .debug_abbrev  0x0000000000000177       0xba ../lab6_part2_APP_bsp/\libhal_bsp.a(alt_main.o)
 .debug_abbrev  0x0000000000000231      0x157 ../lab6_part2_APP_bsp/\libhal_bsp.a(alt_sys_init.o)
 .debug_abbrev  0x0000000000000388       0xf7 ../lab6_part2_APP_bsp/\libhal_bsp.a(altera_avalon_jtag_uart_fd.o)
 .debug_abbrev  0x000000000000047f       0xd5 ../lab6_part2_APP_bsp/\libhal_bsp.a(altera_avalon_jtag_uart_read.o)
 .debug_abbrev  0x0000000000000554       0xd5 ../lab6_part2_APP_bsp/\libhal_bsp.a(altera_avalon_jtag_uart_write.o)
 .debug_abbrev  0x0000000000000629      0x11f ../lab6_part2_APP_bsp/\libhal_bsp.a(alt_close.o)
 .debug_abbrev  0x0000000000000748       0x42 ../lab6_part2_APP_bsp/\libhal_bsp.a(alt_dcache_flush_all.o)
 .debug_abbrev  0x000000000000078a       0xd9 ../lab6_part2_APP_bsp/\libhal_bsp.a(alt_dev.o)
 .debug_abbrev  0x0000000000000863      0x114 ../lab6_part2_APP_bsp/\libhal_bsp.a(alt_dev_llist_insert.o)
 .debug_abbrev  0x0000000000000977       0x5a ../lab6_part2_APP_bsp/\libhal_bsp.a(alt_errno.o)
 .debug_abbrev  0x00000000000009d1       0x42 ../lab6_part2_APP_bsp/\libhal_bsp.a(alt_icache_flush_all.o)
 .debug_abbrev  0x0000000000000a13      0x114 ../lab6_part2_APP_bsp/\libhal_bsp.a(alt_io_redirect.o)
 .debug_abbrev  0x0000000000000b27      0x148 ../lab6_part2_APP_bsp/\libhal_bsp.a(alt_open.o)
 .debug_abbrev  0x0000000000000c6f       0xde ../lab6_part2_APP_bsp/\libhal_bsp.a(alt_release_fd.o)
 .debug_abbrev  0x0000000000000d4d       0x42 ../lab6_part2_APP_bsp/\libhal_bsp.a(altera_nios2_gen2_irq.o)
 .debug_abbrev  0x0000000000000d8f       0xf0 ../lab6_part2_APP_bsp/\libhal_bsp.a(alt_find_dev.o)
 .debug_abbrev  0x0000000000000e7f       0xf0 ../lab6_part2_APP_bsp/\libhal_bsp.a(alt_find_file.o)
 .debug_abbrev  0x0000000000000f6f      0x10d ../lab6_part2_APP_bsp/\libhal_bsp.a(alt_get_fd.o)
 .debug_abbrev  0x000000000000107c       0x8b c:/intelfpga_lite/18.1/nios2eds/bin/gnu/h-x86_64-mingw32/bin/../lib/gcc/nios2-elf/5.3.0/../../../../../H-x86_64-mingw32/nios2-elf/lib/mno-hw-mul\libsmallc.a(lib_a-exit.o)
 .debug_abbrev  0x0000000000001107       0x37 c:/intelfpga_lite/18.1/nios2eds/bin/gnu/h-x86_64-mingw32/bin/../lib/gcc/nios2-elf/5.3.0/../../../../../H-x86_64-mingw32/nios2-elf/lib/mno-hw-mul\libsmallc.a(lib_a-int_errno.o)
 .debug_abbrev  0x000000000000113e       0x7f c:/intelfpga_lite/18.1/nios2eds/bin/gnu/h-x86_64-mingw32/bin/../lib/gcc/nios2-elf/5.3.0/../../../../../H-x86_64-mingw32/nios2-elf/lib/mno-hw-mul\libsmallc.a(lib_a-memcmp.o)
 .debug_abbrev  0x00000000000011bd       0x7f c:/intelfpga_lite/18.1/nios2eds/bin/gnu/h-x86_64-mingw32/bin/../lib/gcc/nios2-elf/5.3.0/../../../../../H-x86_64-mingw32/nios2-elf/lib/mno-hw-mul\libsmallc.a(lib_a-strlen.o)
 .debug_abbrev  0x000000000000123c      0x1f6 c:/intelfpga_lite/18.1/nios2eds/bin/gnu/h-x86_64-mingw32/bin/../lib/gcc/nios2-elf/5.3.0/../../../../../H-x86_64-mingw32/nios2-elf/lib/mno-hw-mul\libsmallc.a(lib_a-__call_atexit.o)
 .debug_abbrev  0x0000000000001432      0x14a c:/intelfpga_lite/18.1/nios2eds/bin/gnu/h-x86_64-mingw32/bin/../lib/gcc/nios2-elf/5.3.0/../../../../../H-x86_64-mingw32/nios2-elf/lib/mno-hw-mul\libsmallc.a(lib_a-impure.o)
 .debug_abbrev  0x000000000000157c       0x6f c:/intelfpga_lite/18.1/nios2eds/bin/gnu/h-x86_64-mingw32/bin/../lib/gcc/nios2-elf/5.3.0/mno-hw-mul\libgcc.a(lib2-mul.o)
 .debug_abbrev  0x00000000000015eb       0xa9 ../lab6_part2_APP_bsp/\libhal_bsp.a(alt_exit.o)

.debug_line     0x0000000000000000     0x1961
 *(.debug_line)
 .debug_line    0x0000000000000000       0x66 ../lab6_part2_APP_bsp//obj/HAL/src/crt0.o
 .debug_line    0x0000000000000066       0xdd obj/default/lab6_part2.o
 .debug_line    0x0000000000000143       0x8e ../lab6_part2_APP_bsp/\libhal_bsp.a(alt_load.o)
 .debug_line    0x00000000000001d1       0x9e ../lab6_part2_APP_bsp/\libhal_bsp.a(alt_main.o)
 .debug_line    0x000000000000026f      0x127 ../lab6_part2_APP_bsp/\libhal_bsp.a(alt_sys_init.o)
 .debug_line    0x0000000000000396      0x112 ../lab6_part2_APP_bsp/\libhal_bsp.a(altera_avalon_jtag_uart_fd.o)
 .debug_line    0x00000000000004a8       0xfd ../lab6_part2_APP_bsp/\libhal_bsp.a(altera_avalon_jtag_uart_read.o)
 .debug_line    0x00000000000005a5       0xf4 ../lab6_part2_APP_bsp/\libhal_bsp.a(altera_avalon_jtag_uart_write.o)
 .debug_line    0x0000000000000699      0x165 ../lab6_part2_APP_bsp/\libhal_bsp.a(alt_close.o)
 .debug_line    0x00000000000007fe       0x51 ../lab6_part2_APP_bsp/\libhal_bsp.a(alt_dcache_flush_all.o)
 .debug_line    0x000000000000084f       0xf8 ../lab6_part2_APP_bsp/\libhal_bsp.a(alt_dev.o)
 .debug_line    0x0000000000000947       0xcf ../lab6_part2_APP_bsp/\libhal_bsp.a(alt_dev_llist_insert.o)
 .debug_line    0x0000000000000a16       0x51 ../lab6_part2_APP_bsp/\libhal_bsp.a(alt_errno.o)
 .debug_line    0x0000000000000a67       0x4f ../lab6_part2_APP_bsp/\libhal_bsp.a(alt_icache_flush_all.o)
 .debug_line    0x0000000000000ab6      0x135 ../lab6_part2_APP_bsp/\libhal_bsp.a(alt_io_redirect.o)
 .debug_line    0x0000000000000beb      0x12b ../lab6_part2_APP_bsp/\libhal_bsp.a(alt_open.o)
 .debug_line    0x0000000000000d16       0xb0 ../lab6_part2_APP_bsp/\libhal_bsp.a(alt_release_fd.o)
 .debug_line    0x0000000000000dc6       0x51 ../lab6_part2_APP_bsp/\libhal_bsp.a(altera_nios2_gen2_irq.o)
 .debug_line    0x0000000000000e17       0xb5 ../lab6_part2_APP_bsp/\libhal_bsp.a(alt_find_dev.o)
 .debug_line    0x0000000000000ecc       0xd1 ../lab6_part2_APP_bsp/\libhal_bsp.a(alt_find_file.o)
 .debug_line    0x0000000000000f9d       0xd7 ../lab6_part2_APP_bsp/\libhal_bsp.a(alt_get_fd.o)
 .debug_line    0x0000000000001074      0x159 c:/intelfpga_lite/18.1/nios2eds/bin/gnu/h-x86_64-mingw32/bin/../lib/gcc/nios2-elf/5.3.0/../../../../../H-x86_64-mingw32/nios2-elf/lib/mno-hw-mul\libsmallc.a(lib_a-exit.o)
 .debug_line    0x00000000000011cd       0x5f c:/intelfpga_lite/18.1/nios2eds/bin/gnu/h-x86_64-mingw32/bin/../lib/gcc/nios2-elf/5.3.0/../../../../../H-x86_64-mingw32/nios2-elf/lib/mno-hw-mul\libsmallc.a(lib_a-int_errno.o)
 .debug_line    0x000000000000122c      0x160 c:/intelfpga_lite/18.1/nios2eds/bin/gnu/h-x86_64-mingw32/bin/../lib/gcc/nios2-elf/5.3.0/../../../../../H-x86_64-mingw32/nios2-elf/lib/mno-hw-mul\libsmallc.a(lib_a-memcmp.o)
 .debug_line    0x000000000000138c      0x15c c:/intelfpga_lite/18.1/nios2eds/bin/gnu/h-x86_64-mingw32/bin/../lib/gcc/nios2-elf/5.3.0/../../../../../H-x86_64-mingw32/nios2-elf/lib/mno-hw-mul\libsmallc.a(lib_a-strlen.o)
 .debug_line    0x00000000000014e8      0x232 c:/intelfpga_lite/18.1/nios2eds/bin/gnu/h-x86_64-mingw32/bin/../lib/gcc/nios2-elf/5.3.0/../../../../../H-x86_64-mingw32/nios2-elf/lib/mno-hw-mul\libsmallc.a(lib_a-__call_atexit.o)
 .debug_line    0x000000000000171a      0x156 c:/intelfpga_lite/18.1/nios2eds/bin/gnu/h-x86_64-mingw32/bin/../lib/gcc/nios2-elf/5.3.0/../../../../../H-x86_64-mingw32/nios2-elf/lib/mno-hw-mul\libsmallc.a(lib_a-impure.o)
 .debug_line    0x0000000000001870       0x80 c:/intelfpga_lite/18.1/nios2eds/bin/gnu/h-x86_64-mingw32/bin/../lib/gcc/nios2-elf/5.3.0/mno-hw-mul\libgcc.a(lib2-mul.o)
 .debug_line    0x00000000000018f0       0x71 ../lab6_part2_APP_bsp/\libhal_bsp.a(alt_exit.o)

.debug_frame    0x0000000000000000      0x6e0
 *(.debug_frame)
 .debug_frame   0x0000000000000000       0x98 obj/default/lab6_part2.o
 .debug_frame   0x0000000000000098       0x5c ../lab6_part2_APP_bsp/\libhal_bsp.a(alt_load.o)
 .debug_frame   0x00000000000000f4       0x2c ../lab6_part2_APP_bsp/\libhal_bsp.a(alt_main.o)
 .debug_frame   0x0000000000000120       0x88 ../lab6_part2_APP_bsp/\libhal_bsp.a(alt_sys_init.o)
 .debug_frame   0x00000000000001a8       0x60 ../lab6_part2_APP_bsp/\libhal_bsp.a(altera_avalon_jtag_uart_fd.o)
 .debug_frame   0x0000000000000208       0x34 ../lab6_part2_APP_bsp/\libhal_bsp.a(altera_avalon_jtag_uart_read.o)
 .debug_frame   0x000000000000023c       0x34 ../lab6_part2_APP_bsp/\libhal_bsp.a(altera_avalon_jtag_uart_write.o)
 .debug_frame   0x0000000000000270       0x60 ../lab6_part2_APP_bsp/\libhal_bsp.a(alt_close.o)
 .debug_frame   0x00000000000002d0       0x34 ../lab6_part2_APP_bsp/\libhal_bsp.a(alt_dcache_flush_all.o)
 .debug_frame   0x0000000000000304       0x34 ../lab6_part2_APP_bsp/\libhal_bsp.a(alt_dev.o)
 .debug_frame   0x0000000000000338       0x60 ../lab6_part2_APP_bsp/\libhal_bsp.a(alt_dev_llist_insert.o)
 .debug_frame   0x0000000000000398       0x34 ../lab6_part2_APP_bsp/\libhal_bsp.a(alt_icache_flush_all.o)
 .debug_frame   0x00000000000003cc       0x64 ../lab6_part2_APP_bsp/\libhal_bsp.a(alt_io_redirect.o)
 .debug_frame   0x0000000000000430       0x8c ../lab6_part2_APP_bsp/\libhal_bsp.a(alt_open.o)
 .debug_frame   0x00000000000004bc       0x3c ../lab6_part2_APP_bsp/\libhal_bsp.a(alt_release_fd.o)
 .debug_frame   0x00000000000004f8       0x34 ../lab6_part2_APP_bsp/\libhal_bsp.a(altera_nios2_gen2_irq.o)
 .debug_frame   0x000000000000052c       0x38 ../lab6_part2_APP_bsp/\libhal_bsp.a(alt_find_dev.o)
 .debug_frame   0x0000000000000564       0x38 ../lab6_part2_APP_bsp/\libhal_bsp.a(alt_find_file.o)
 .debug_frame   0x000000000000059c       0x3c ../lab6_part2_APP_bsp/\libhal_bsp.a(alt_get_fd.o)
 .debug_frame   0x00000000000005d8       0x28 c:/intelfpga_lite/18.1/nios2eds/bin/gnu/h-x86_64-mingw32/bin/../lib/gcc/nios2-elf/5.3.0/../../../../../H-x86_64-mingw32/nios2-elf/lib/mno-hw-mul\libsmallc.a(lib_a-exit.o)
 .debug_frame   0x0000000000000600       0x20 c:/intelfpga_lite/18.1/nios2eds/bin/gnu/h-x86_64-mingw32/bin/../lib/gcc/nios2-elf/5.3.0/../../../../../H-x86_64-mingw32/nios2-elf/lib/mno-hw-mul\libsmallc.a(lib_a-memcmp.o)
 .debug_frame   0x0000000000000620       0x20 c:/intelfpga_lite/18.1/nios2eds/bin/gnu/h-x86_64-mingw32/bin/../lib/gcc/nios2-elf/5.3.0/../../../../../H-x86_64-mingw32/nios2-elf/lib/mno-hw-mul\libsmallc.a(lib_a-strlen.o)
 .debug_frame   0x0000000000000640       0x54 c:/intelfpga_lite/18.1/nios2eds/bin/gnu/h-x86_64-mingw32/bin/../lib/gcc/nios2-elf/5.3.0/../../../../../H-x86_64-mingw32/nios2-elf/lib/mno-hw-mul\libsmallc.a(lib_a-__call_atexit.o)
 .debug_frame   0x0000000000000694       0x20 c:/intelfpga_lite/18.1/nios2eds/bin/gnu/h-x86_64-mingw32/bin/../lib/gcc/nios2-elf/5.3.0/mno-hw-mul\libgcc.a(lib2-mul.o)
 .debug_frame   0x00000000000006b4       0x2c ../lab6_part2_APP_bsp/\libhal_bsp.a(alt_exit.o)

.debug_str      0x0000000000000000     0x1148
 *(.debug_str)
 .debug_str     0x0000000000000000      0x154 obj/default/lab6_part2.o
                                        0x16b (size before relaxing)
 .debug_str     0x0000000000000154      0x180 ../lab6_part2_APP_bsp/\libhal_bsp.a(alt_load.o)
                                        0x223 (size before relaxing)
 .debug_str     0x00000000000002d4       0x70 ../lab6_part2_APP_bsp/\libhal_bsp.a(alt_main.o)
                                        0x1ae (size before relaxing)
 .debug_str     0x0000000000000344      0x159 ../lab6_part2_APP_bsp/\libhal_bsp.a(alt_sys_init.o)
                                        0x2e5 (size before relaxing)
 .debug_str     0x000000000000049d       0x77 ../lab6_part2_APP_bsp/\libhal_bsp.a(altera_avalon_jtag_uart_fd.o)
                                        0x2e6 (size before relaxing)
 .debug_str     0x0000000000000514       0x48 ../lab6_part2_APP_bsp/\libhal_bsp.a(altera_avalon_jtag_uart_read.o)
                                        0x230 (size before relaxing)
 .debug_str     0x000000000000055c       0x4a ../lab6_part2_APP_bsp/\libhal_bsp.a(altera_avalon_jtag_uart_write.o)
                                        0x226 (size before relaxing)
 .debug_str     0x00000000000005a6       0x44 ../lab6_part2_APP_bsp/\libhal_bsp.a(alt_close.o)
                                        0x21c (size before relaxing)
 .debug_str     0x00000000000005ea       0x34 ../lab6_part2_APP_bsp/\libhal_bsp.a(alt_dcache_flush_all.o)
                                        0x166 (size before relaxing)
 .debug_str     0x000000000000061e      0x120 ../lab6_part2_APP_bsp/\libhal_bsp.a(alt_dev.o)
                                        0x316 (size before relaxing)
 .debug_str     0x000000000000073e       0x4b ../lab6_part2_APP_bsp/\libhal_bsp.a(alt_dev_llist_insert.o)
                                        0x1dd (size before relaxing)
 .debug_str     0x0000000000000789       0x14 ../lab6_part2_APP_bsp/\libhal_bsp.a(alt_errno.o)
                                        0x156 (size before relaxing)
 .debug_str     0x000000000000079d       0x34 ../lab6_part2_APP_bsp/\libhal_bsp.a(alt_icache_flush_all.o)
                                        0x166 (size before relaxing)
 .debug_str     0x00000000000007d1       0x56 ../lab6_part2_APP_bsp/\libhal_bsp.a(alt_io_redirect.o)
                                        0x327 (size before relaxing)
 .debug_str     0x0000000000000827       0x36 ../lab6_part2_APP_bsp/\libhal_bsp.a(alt_open.o)
                                        0x25c (size before relaxing)
 .debug_str     0x000000000000085d       0x28 ../lab6_part2_APP_bsp/\libhal_bsp.a(alt_release_fd.o)
                                        0x1e4 (size before relaxing)
 .debug_str     0x0000000000000885       0x3b ../lab6_part2_APP_bsp/\libhal_bsp.a(altera_nios2_gen2_irq.o)
                                        0x16d (size before relaxing)
 .debug_str     0x00000000000008c0       0x24 ../lab6_part2_APP_bsp/\libhal_bsp.a(alt_find_dev.o)
                                        0x1fd (size before relaxing)
 .debug_str     0x00000000000008e4       0x26 ../lab6_part2_APP_bsp/\libhal_bsp.a(alt_find_file.o)
                                        0x20b (size before relaxing)
 .debug_str     0x000000000000090a       0x30 ../lab6_part2_APP_bsp/\libhal_bsp.a(alt_get_fd.o)
                                        0x22d (size before relaxing)
 .debug_str     0x000000000000093a      0x142 c:/intelfpga_lite/18.1/nios2eds/bin/gnu/h-x86_64-mingw32/bin/../lib/gcc/nios2-elf/5.3.0/../../../../../H-x86_64-mingw32/nios2-elf/lib/mno-hw-mul\libsmallc.a(lib_a-exit.o)
                                        0x1f0 (size before relaxing)
 .debug_str     0x0000000000000a7c       0xd3 c:/intelfpga_lite/18.1/nios2eds/bin/gnu/h-x86_64-mingw32/bin/../lib/gcc/nios2-elf/5.3.0/../../../../../H-x86_64-mingw32/nios2-elf/lib/mno-hw-mul\libsmallc.a(lib_a-int_errno.o)
                                        0x1d8 (size before relaxing)
 .debug_str     0x0000000000000b4f       0xe0 c:/intelfpga_lite/18.1/nios2eds/bin/gnu/h-x86_64-mingw32/bin/../lib/gcc/nios2-elf/5.3.0/../../../../../H-x86_64-mingw32/nios2-elf/lib/mno-hw-mul\libsmallc.a(lib_a-memcmp.o)
                                        0x1df (size before relaxing)
 .debug_str     0x0000000000000c2f       0x44 c:/intelfpga_lite/18.1/nios2eds/bin/gnu/h-x86_64-mingw32/bin/../lib/gcc/nios2-elf/5.3.0/../../../../../H-x86_64-mingw32/nios2-elf/lib/mno-hw-mul\libsmallc.a(lib_a-strlen.o)
                                        0x1e5 (size before relaxing)
 .debug_str     0x0000000000000c73      0x31b c:/intelfpga_lite/18.1/nios2eds/bin/gnu/h-x86_64-mingw32/bin/../lib/gcc/nios2-elf/5.3.0/../../../../../H-x86_64-mingw32/nios2-elf/lib/mno-hw-mul\libsmallc.a(lib_a-__call_atexit.o)
                                        0x4eb (size before relaxing)
 .debug_str     0x0000000000000f8e       0x48 c:/intelfpga_lite/18.1/nios2eds/bin/gnu/h-x86_64-mingw32/bin/../lib/gcc/nios2-elf/5.3.0/../../../../../H-x86_64-mingw32/nios2-elf/lib/mno-hw-mul\libsmallc.a(lib_a-impure.o)
                                        0x4be (size before relaxing)
 .debug_str     0x0000000000000fd6      0x148 c:/intelfpga_lite/18.1/nios2eds/bin/gnu/h-x86_64-mingw32/bin/../lib/gcc/nios2-elf/5.3.0/mno-hw-mul\libgcc.a(lib2-mul.o)
                                        0x193 (size before relaxing)
 .debug_str     0x000000000000111e       0x2a ../lab6_part2_APP_bsp/\libhal_bsp.a(alt_exit.o)
                                        0x162 (size before relaxing)

.debug_loc      0x0000000000000000      0x2ba
 *(.debug_loc)
 .debug_loc     0x0000000000000000       0x1e c:/intelfpga_lite/18.1/nios2eds/bin/gnu/h-x86_64-mingw32/bin/../lib/gcc/nios2-elf/5.3.0/../../../../../H-x86_64-mingw32/nios2-elf/lib/mno-hw-mul\libsmallc.a(lib_a-exit.o)
 .debug_loc     0x000000000000001e       0x94 c:/intelfpga_lite/18.1/nios2eds/bin/gnu/h-x86_64-mingw32/bin/../lib/gcc/nios2-elf/5.3.0/../../../../../H-x86_64-mingw32/nios2-elf/lib/mno-hw-mul\libsmallc.a(lib_a-memcmp.o)
 .debug_loc     0x00000000000000b2       0x1e c:/intelfpga_lite/18.1/nios2eds/bin/gnu/h-x86_64-mingw32/bin/../lib/gcc/nios2-elf/5.3.0/../../../../../H-x86_64-mingw32/nios2-elf/lib/mno-hw-mul\libsmallc.a(lib_a-strlen.o)
 .debug_loc     0x00000000000000d0      0x157 c:/intelfpga_lite/18.1/nios2eds/bin/gnu/h-x86_64-mingw32/bin/../lib/gcc/nios2-elf/5.3.0/../../../../../H-x86_64-mingw32/nios2-elf/lib/mno-hw-mul\libsmallc.a(lib_a-__call_atexit.o)
 .debug_loc     0x0000000000000227       0x93 c:/intelfpga_lite/18.1/nios2eds/bin/gnu/h-x86_64-mingw32/bin/../lib/gcc/nios2-elf/5.3.0/mno-hw-mul\libgcc.a(lib2-mul.o)

.debug_macinfo
 *(.debug_macinfo)

.debug_weaknames
 *(.debug_weaknames)

.debug_funcnames
 *(.debug_funcnames)

.debug_typenames
 *(.debug_typenames)

.debug_varnames
 *(.debug_varnames)

.debug_alt_sim_info
                0x0000000000000000       0x10
 *(.debug_alt_sim_info)
 .debug_alt_sim_info
                0x0000000000000000       0x10 ../lab6_part2_APP_bsp//obj/HAL/src/crt0.o
                0x0000000000008000                __alt_data_end = 0x8000
                0x0000000000008000                PROVIDE (__alt_stack_pointer, __alt_data_end)
                [!provide]                        PROVIDE (__alt_stack_limit, __alt_stack_base)
                [!provide]                        PROVIDE (__alt_heap_start, end)
                [!provide]                        PROVIDE (__alt_heap_limit, 0x8000)
OUTPUT(lab6_part2_APP.elf elf32-littlenios2)

.debug_ranges   0x0000000000000000       0x90
 .debug_ranges  0x0000000000000000       0x20 ../lab6_part2_APP_bsp//obj/HAL/src/crt0.o
 .debug_ranges  0x0000000000000020       0x18 ../lab6_part2_APP_bsp/\libhal_bsp.a(altera_avalon_jtag_uart_read.o)
 .debug_ranges  0x0000000000000038       0x10 c:/intelfpga_lite/18.1/nios2eds/bin/gnu/h-x86_64-mingw32/bin/../lib/gcc/nios2-elf/5.3.0/../../../../../H-x86_64-mingw32/nios2-elf/lib/mno-hw-mul\libsmallc.a(lib_a-exit.o)
 .debug_ranges  0x0000000000000048       0x10 c:/intelfpga_lite/18.1/nios2eds/bin/gnu/h-x86_64-mingw32/bin/../lib/gcc/nios2-elf/5.3.0/../../../../../H-x86_64-mingw32/nios2-elf/lib/mno-hw-mul\libsmallc.a(lib_a-memcmp.o)
 .debug_ranges  0x0000000000000058       0x10 c:/intelfpga_lite/18.1/nios2eds/bin/gnu/h-x86_64-mingw32/bin/../lib/gcc/nios2-elf/5.3.0/../../../../../H-x86_64-mingw32/nios2-elf/lib/mno-hw-mul\libsmallc.a(lib_a-strlen.o)
 .debug_ranges  0x0000000000000068       0x28 c:/intelfpga_lite/18.1/nios2eds/bin/gnu/h-x86_64-mingw32/bin/../lib/gcc/nios2-elf/5.3.0/../../../../../H-x86_64-mingw32/nios2-elf/lib/mno-hw-mul\libsmallc.a(lib_a-__call_atexit.o)
